src/app/esim-apn/page.tsx(67,23): error TS2551: Property 'esimProfile2' does not exist on type '{ apnName: string; esimMake: string; esimProfile1: string; remarks: string; }'. Did you mean 'esimProfile1'?
src/app/esim-apn/page.tsx(70,45): error TS2551: Property 'esimProfile2' does not exist on type '{ apnName: string; esimMake: string; esimProfile1: string; remarks: string; }'. Did you mean 'esimProfile1'?
src/app/esim-apn/page.tsx(72,28): error TS2551: Property 'esimProfile2' does not exist on type '{ apnName: string; esimMake: string; esimProfile1: string; remarks: string; }'. Did you mean 'esimProfile1'?
src/app/jig/categories/page.tsx(12,8): error TS2740: Type '{}' is missing the following properties from type '{ isOpen: any; onClose: any; onSuccess: any; name: any; setName: any; status: any; setStatus: any; categoryModelName: any; categoryId: any; }': isOpen, onClose, onSuccess, name, and 5 more.
src/app/process/view/page.tsx(17,21): error TS2339: Property 'userType' does not exist on type '{}'.
src/app/tables/page.tsx(18,8): error TS2741: Property 'parentName' is missing in type '{ pageName: string; }' but required in type 'BreadcrumbProps'.
src/app/ui/alerts/page.tsx(15,8): error TS2741: Property 'parentName' is missing in type '{ pageName: string; }' but required in type 'BreadcrumbProps'.
src/app/ui/buttons/page.tsx(15,8): error TS2741: Property 'parentName' is missing in type '{ pageName: string; }' but required in type 'BreadcrumbProps'.
src/components/Dashboard/Operator/Dashboard.tsx(113,58): error TS2339: Property 'planId' does not exist on type 'never'.
src/components/Dashboard/Operator/Dashboard.tsx(115,35): error TS2339: Property 'planDetails' does not exist on type 'never'.
src/components/Dashboard/Operator/Dashboard.tsx(115,95): error TS2339: Property 'ProcessShiftMappings' does not exist on type 'never'.
src/components/Dashboard/Operator/Dashboard.tsx(115,139): error TS2339: Property 'ProcessShiftMappings' does not exist on type 'never'.
src/components/Dashboard/Operator/Dashboard.tsx(115,186): error TS2339: Property 'roomDetails' does not exist on type 'never'.
src/components/Dashboard/Operator/Dashboard.tsx(115,234): error TS2339: Property 'seatDetails' does not exist on type 'never'.
src/components/Dashboard/Operator/Dashboard.tsx(115,272): error TS2339: Property 'seatDetails' does not exist on type 'never'.
src/components/Dashboard/QualityControl/Dashboard.tsx(111,58): error TS2339: Property 'planId' does not exist on type 'never'.
src/components/Dashboard/QualityControl/Dashboard.tsx(113,35): error TS2339: Property 'planDetails' does not exist on type 'never'.
src/components/Dashboard/QualityControl/Dashboard.tsx(113,95): error TS2339: Property 'ProcessShiftMappings' does not exist on type 'never'.
src/components/Dashboard/QualityControl/Dashboard.tsx(113,139): error TS2339: Property 'ProcessShiftMappings' does not exist on type 'never'.
src/components/Dashboard/QualityControl/Dashboard.tsx(113,186): error TS2339: Property 'roomDetails' does not exist on type 'never'.
src/components/Dashboard/QualityControl/Dashboard.tsx(113,234): error TS2339: Property 'seatDetails' does not exist on type 'never'.
src/components/Dashboard/QualityControl/Dashboard.tsx(113,272): error TS2339: Property 'seatDetails' does not exist on type 'never'.
src/components/Dashboard/Store/Dashboard.tsx(44,38): error TS2339: Property 'processCount' does not exist on type '{}'.
src/components/Dashboard/Store/Dashboard.tsx(80,38): error TS2339: Property 'productCount' does not exist on type '{}'.
src/components/Dashboard/Store/Dashboard.tsx(129,37): error TS2339: Property 'processCount' does not exist on type '{}'.
src/components/Dashboard/Store/Dashboard.tsx(164,37): error TS2339: Property 'overallInventoryAccuracy' does not exist on type '{}'.
src/components/DateTimePicker/dateTimePicker.tsx(5,44): error TS7031: Binding element 'onDateChange' implicitly has an 'any' type.
src/components/DateTimePicker/dateTimePicker.tsx(14,9): error TS2345: Argument of type 'string' is not assignable to parameter of type 'number'.
src/components/DateTimePicker/dateTimePicker.tsx(15,9): error TS2362: The left-hand side of an arithmetic operation must be of type 'any', 'number', 'bigint' or an enum type.
src/components/DateTimePicker/dateTimePicker.tsx(21,18): error TS2345: Argument of type 'Date' is not assignable to parameter of type 'number'.
src/components/DateTimePicker/dateTimePicker.tsx(22,25): error TS2345: Argument of type 'Date' is not assignable to parameter of type 'SetStateAction<null>'.
  Type 'Date' provides no match for the signature '(prevState: null): null'.
src/components/DateTimePicker/dateTimePicker.tsx(27,25): error TS7006: Parameter 'date' implicitly has an 'any' type.
src/components/DateTimePicker/SeatAvailabilityDatePicker.tsx(8,3): error TS7031: Binding element 'seatAvailability' implicitly has an 'any' type.
src/components/DateTimePicker/SeatAvailabilityDatePicker.tsx(9,3): error TS7031: Binding element 'floorID' implicitly has an 'any' type.
src/components/DateTimePicker/SeatAvailabilityDatePicker.tsx(10,3): error TS7031: Binding element 'setStartDate' implicitly has an 'any' type.
src/components/DateTimePicker/SeatAvailabilityDatePicker.tsx(11,3): error TS7031: Binding element 'formatDate' implicitly has an 'any' type.
src/components/DateTimePicker/SeatAvailabilityDatePicker.tsx(12,3): error TS7031: Binding element 'onDateChange' implicitly has an 'any' type.
src/components/DateTimePicker/SeatAvailabilityDatePicker.tsx(13,3): error TS7031: Binding element 'selectedShift' implicitly has an 'any' type.
src/components/DateTimePicker/SeatAvailabilityDatePicker.tsx(14,3): error TS7031: Binding element 'holidays' implicitly has an 'any' type.
src/components/DateTimePicker/SeatAvailabilityDatePicker.tsx(28,40): error TS7006: Parameter 'dateString' implicitly has an 'any' type.
src/components/DateTimePicker/SeatAvailabilityDatePicker.tsx(49,17): error TS2345: Argument of type '{ date: string; availableSeats: any; }[]' is not assignable to parameter of type 'SetStateAction<never[]>'.
  Type '{ date: string; availableSeats: any; }[]' is not assignable to type 'never[]'.
    Type '{ date: string; availableSeats: any; }' is not assignable to type 'never'.
src/components/DateTimePicker/SeatAvailabilityDatePicker.tsx(52,25): error TS7006: Parameter 'date' implicitly has an 'any' type.
src/components/DateTimePicker/SeatAvailabilityDatePicker.tsx(54,51): error TS2339: Property 'date' does not exist on type 'never'.
src/components/DateTimePicker/SeatAvailabilityDatePicker.tsx(68,40): error TS7006: Parameter 'h' implicitly has an 'any' type.
src/components/DateTimePicker/SeatAvailabilityDatePicker.tsx(82,24): error TS2339: Property 'availableSeats' does not exist on type 'never'.
src/components/DateTimePicker/SeatAvailabilityDatePicker.tsx(89,29): error TS7006: Parameter 'date' implicitly has an 'any' type.
src/components/DateTimePicker/SeatAvailabilityDatePicker.tsx(97,30): error TS7006: Parameter 'day' implicitly has an 'any' type.
src/components/DateTimePicker/SeatAvailabilityDatePicker.tsx(97,35): error TS7006: Parameter 'date' implicitly has an 'any' type.
src/components/DateTimePicker/SeatAvailabilityDatePicker.tsx(99,51): error TS2339: Property 'date' does not exist on type 'never'.
src/components/DateTimePicker/SeatAvailabilityDatePicker.tsx(111,38): error TS7006: Parameter 'h' implicitly has an 'any' type.
src/components/DateTimePicker/SeatAvailabilityDatePicker.tsx(126,19): error TS2339: Property 'availableSeats' does not exist on type 'never'.
src/components/DateTimePicker/SeatAvailabilityDatePicker.tsx(128,25): error TS2339: Property 'availableSeats' does not exist on type 'never'.
src/components/DateTimePicker/SeatAvailabilityDatePicker.tsx(138,23): error TS7006: Parameter 'date' implicitly has an 'any' type.
src/components/DateTimePicker/SeatAvailabilityDatePicker.tsx(140,51): error TS2339: Property 'date' does not exist on type 'never'.
src/components/DateTimePicker/SeatAvailabilityDatePicker.tsx(143,30): error TS2339: Property 'availableSeats' does not exist on type 'never'.
src/components/DateTimePicker/SeatAvailabilityDatePicker.tsx(154,40): error TS7006: Parameter 'h' implicitly has an 'any' type.
src/components/device/addDevices/index.tsx(34,29): error TS7006: Parameter 'id' implicitly has an 'any' type.
src/components/device/addDevices/index.tsx(39,55): error TS2339: Property 'message' does not exist on type '{}'.
src/components/device/addDevices/index.tsx(50,29): error TS7006: Parameter 'event' implicitly has an 'any' type.
src/components/device/addDevices/index.tsx(58,20): error TS18047: 'e.target' is possibly 'null'.
src/components/device/addDevices/index.tsx(59,20): error TS18047: 'text' is possibly 'null'.
src/components/device/addDevices/index.tsx(60,10): error TS2339: Property 'split' does not exist on type 'string | ArrayBuffer'.
  Property 'split' does not exist on type 'ArrayBuffer'.
src/components/device/addDevices/index.tsx(62,15): error TS7006: Parameter 'row' implicitly has an 'any' type.
src/components/device/addDevices/index.tsx(62,43): error TS7006: Parameter 'field' implicitly has an 'any' type.
src/components/device/addDevices/index.tsx(63,18): error TS7006: Parameter 'row' implicitly has an 'any' type.
src/components/device/addDevices/index.tsx(63,37): error TS7006: Parameter 'field' implicitly has an 'any' type.
src/components/device/addDevices/index.tsx(78,32): error TS2339: Property 'checked' does not exist on type 'EventTarget & (HTMLInputElement | HTMLSelectElement | HTMLTextAreaElement)'.
src/components/device/addDevices/index.tsx(102,16): error TS2345: Argument of type 'string[]' is not assignable to parameter of type 'SetStateAction<never[]>'.
  Type 'string[]' is not assignable to type 'never[]'.
    Type 'string' is not assignable to type 'never'.
src/components/device/addDevices/index.tsx(115,54): error TS2339: Property '_id' does not exist on type 'never'.
src/components/device/addDevices/index.tsx(116,30): error TS2339: Property 'stages' does not exist on type 'never'.
src/components/device/addDevices/index.tsx(158,33): error TS2339: Property '_id' does not exist on type 'never'.
src/components/device/addDevices/index.tsx(161,27): error TS2339: Property 'name' does not exist on type 'never'.
src/components/device/addDevices/index.tsx(183,35): error TS2339: Property '_id' does not exist on type 'never'.
src/components/device/addDevices/index.tsx(186,29): error TS2339: Property 'name' does not exist on type 'never'.
src/components/device/addImei/index.tsx(32,20): error TS18047: 'e.target' is possibly 'null'.
src/components/device/addImei/index.tsx(33,20): error TS18047: 'text' is possibly 'null'.
src/components/device/addImei/index.tsx(34,10): error TS2339: Property 'split' does not exist on type 'string | ArrayBuffer'.
  Property 'split' does not exist on type 'ArrayBuffer'.
src/components/device/addImei/index.tsx(35,15): error TS7006: Parameter 'row' implicitly has an 'any' type.
src/components/device/addImei/index.tsx(37,34): error TS7006: Parameter 'row' implicitly has an 'any' type.
src/components/device/addImei/index.tsx(41,20): error TS7006: Parameter 'field' implicitly has an 'any' type.
src/components/device/addImei/index.tsx(90,33): error TS2339: Property '_id' does not exist on type 'never'.
src/components/device/addImei/index.tsx(93,27): error TS2339: Property 'name' does not exist on type 'never'.
src/components/device/generateSerial/index.tsx(364,67): error TS2339: Property 'name' does not exist on type 'never'.
src/components/device/generateSerial/index.tsx(372,68): error TS2339: Property 'name' does not exist on type 'never'.
src/components/FormElements/DatePicker/DatePickerOne.tsx(31,16): error TS2769: No overload matches this call.
  Overload 1 of 3, '(selector: Node, config?: Partial<BaseOptions> | undefined): Instance', gave the following error.
    Type 'string | null' is not assignable to type 'DateOption | DateOption[] | undefined'.
      Type 'null' is not assignable to type 'DateOption | DateOption[] | undefined'.
  Overload 2 of 3, '(selector: ArrayLike<Node>, config?: Partial<BaseOptions> | undefined): Instance[]', gave the following error.
    Argument of type 'HTMLInputElement' is not assignable to parameter of type 'ArrayLike<Node>'.
      Property 'length' is missing in type 'HTMLInputElement' but required in type 'ArrayLike<Node>'.
  Overload 3 of 3, '(selector: string, config?: Partial<BaseOptions> | undefined): Instance | Instance[]', gave the following error.
    Argument of type 'HTMLInputElement' is not assignable to parameter of type 'string'.
src/components/FormElements/index.tsx(20,8): error TS2741: Property 'parentName' is missing in type '{ pageName: string; }' but required in type 'BreadcrumbProps'.
src/components/FormElements/index.tsx(86,16): error TS2739: Type '{}' is missing the following properties from type 'DatePickerOneProps': name, id, value, setValue
src/components/FormElements/index.tsx(173,16): error TS2739: Type '{}' is missing the following properties from type 'CheckboxOneProps': id, value, checked, setValue
src/components/Inventory/viewProcess/index.tsx(248,41): error TS2339: Property 'fgToStore' does not exist on type 'Inventory'.
src/components/Inventory/viewProcess/index.tsx(253,22): error TS2339: Property 'fgToStore' does not exist on type 'Inventory'.
src/components/Jig/add/index.tsx(62,16): error TS2339: Property 'message' does not exist on type '{}'.
src/components/Jig/add/index.tsx(115,44): error TS2339: Property '_id' does not exist on type 'never'.
src/components/Jig/add/index.tsx(118,38): error TS2339: Property 'name' does not exist on type 'never'.
src/components/Jig/category/index.tsx(8,29): error TS7031: Binding element 'isOpen' implicitly has an 'any' type.
src/components/Jig/category/index.tsx(8,37): error TS7031: Binding element 'onClose' implicitly has an 'any' type.
src/components/Jig/category/index.tsx(8,46): error TS7031: Binding element 'onSuccess' implicitly has an 'any' type.
src/components/Jig/category/index.tsx(8,56): error TS7031: Binding element 'name' implicitly has an 'any' type.
src/components/Jig/category/index.tsx(8,61): error TS7031: Binding element 'setName' implicitly has an 'any' type.
src/components/Jig/category/index.tsx(8,69): error TS7031: Binding element 'status' implicitly has an 'any' type.
src/components/Jig/category/index.tsx(8,76): error TS7031: Binding element 'setStatus' implicitly has an 'any' type.
src/components/Jig/category/index.tsx(8,86): error TS7031: Binding element 'categoryModelName' implicitly has an 'any' type.
src/components/Jig/category/index.tsx(8,104): error TS7031: Binding element 'categoryId' implicitly has an 'any' type.
src/components/Jig/category/index.tsx(12,31): error TS7006: Parameter 'e' implicitly has an 'any' type.
src/components/Jig/category/index.tsx(32,16): error TS2339: Property 'message' does not exist on type '{}'.
src/components/Jig/category/index.tsx(46,9): error TS2322: Type '(e: any) => Promise<void>' is not assignable to type '() => void'.
  Target signature provides too few arguments. Expected 1 or more, but got 0.
src/components/Operators/add/index.tsx(56,11): error TS7034: Variable 'options' implicitly has type 'any[]' in some locations where its type cannot be determined.
src/components/Operators/add/index.tsx(60,25): error TS7005: Variable 'options' implicitly has an 'any[]' type.
src/components/Operators/add/index.tsx(66,25): error TS7006: Parameter 'selected' implicitly has an 'any' type.
src/components/Operators/edit/index.tsx(65,11): error TS7034: Variable 'options' implicitly has type 'any[]' in some locations where its type cannot be determined.
src/components/Operators/edit/index.tsx(69,25): error TS7005: Variable 'options' implicitly has an 'any[]' type.
src/components/Operators/edit/index.tsx(98,25): error TS7006: Parameter 'selected' implicitly has an 'any' type.
src/components/Operators/returnedKits/index.tsx(39,52): error TS2345: Argument of type 'string' is not assignable to parameter of type 'never'.
src/components/Operators/returnedKits/index.tsx(40,17): error TS2345: Argument of type '(prevSkills: never[]) => string[]' is not assignable to parameter of type 'SetStateAction<never[]>'.
  Type '(prevSkills: never[]) => string[]' is not assignable to type '(prevState: never[]) => never[]'.
    Type 'string[]' is not assignable to type 'never[]'.
src/components/Operators/returnedKits/index.tsx(49,34): error TS2345: Argument of type 'string | null' is not assignable to parameter of type 'string'.
  Type 'null' is not assignable to type 'string'.
src/components/Operators/returnedKits/index.tsx(89,57): error TS2339: Property '_id' does not exist on type 'never'.
src/components/Operators/returnedKits/index.tsx(109,35): error TS2769: No overload matches this call.
  Overload 1 of 3, '(name: string, value: string | Blob): void', gave the following error.
    Argument of type 'never[]' is not assignable to parameter of type 'string | Blob'.
      Type 'never[]' is missing the following properties from type 'Blob': size, type, arrayBuffer, stream, text
  Overload 2 of 3, '(name: string, value: string): void', gave the following error.
    Argument of type 'never[]' is not assignable to parameter of type 'string'.
  Overload 3 of 3, '(name: string, blobValue: Blob, filename?: string | undefined): void', gave the following error.
    Argument of type 'never[]' is not assignable to parameter of type 'Blob'.
src/components/Operators/returnedKits/index.tsx(123,20): error TS2339: Property '_id' does not exist on type 'string'.
src/components/Operators/returnedKits/index.tsx(124,20): error TS2339: Property 'skills' does not exist on type 'string'.
src/components/Operators/returnedKits/index.tsx(140,39): error TS2339: Property 'email' does not exist on type 'Stages'.
src/components/Operators/returnedKits/index.tsx(145,39): error TS2339: Property 'phoneNumber' does not exist on type 'Stages'.
src/components/Operators/returnedKits/index.tsx(185,47): error TS2345: Argument of type 'Stages' is not assignable to parameter of type 'string'.
src/components/Operators/returnedKits/index.tsx(258,15): error TS2322: Type '({ name: string; selector: (row: Stages, index: number) => number; sortable: boolean; cell?: undefined; } | { name: string; selector: (row: Stages) => any; sortable: boolean; cell?: undefined; } | { ...; })[]' is not assignable to type 'TableColumn<Stages>[]'.
  Type '{ name: string; selector: (row: Stages, index: number) => number; sortable: boolean; cell?: undefined; } | { name: string; selector: (row: Stages) => any; sortable: boolean; cell?: undefined; } | { ...; }' is not assignable to type 'TableColumn<Stages>'.
    Type '{ name: string; selector: (row: Stages, index: number) => number; sortable: boolean; cell?: undefined; }' is not assignable to type 'TableColumn<Stages>'.
      Types of property 'selector' are incompatible.
        Type '(row: Stages, index: number) => number' is not assignable to type 'Selector<Stages>'.
          Types of parameters 'index' and 'rowIndex' are incompatible.
            Type 'number | undefined' is not assignable to type 'number'.
              Type 'undefined' is not assignable to type 'number'.
src/components/Operators/returnedKits/index.tsx(336,39): error TS2339: Property 'name' does not exist on type 'never'.
src/components/Operators/returnedKits/index.tsx(338,51): error TS2345: Argument of type 'any' is not assignable to parameter of type 'never'.
src/components/Operators/returnedKits/index.tsx(338,58): error TS2339: Property 'name' does not exist on type 'never'.
src/components/Operators/returnedKits/index.tsx(340,33): error TS2339: Property 'name' does not exist on type 'never'.
src/components/Operators/returnedKits/index.tsx(340,56): error TS2345: Argument of type 'any' is not assignable to parameter of type 'never'.
src/components/Operators/returnedKits/index.tsx(340,63): error TS2339: Property 'name' does not exist on type 'never'.
src/components/Operators/viewTask-old/codeScanner/index.tsx(4,36): error TS7031: Binding element 'slug' implicitly has an 'any' type.
src/components/Operators/viewTask-old/codeScanner/index.tsx(4,42): error TS7031: Binding element 'slugVal' implicitly has an 'any' type.
src/components/Operators/viewTask-old/codeScanner/index.tsx(4,51): error TS7031: Binding element 'setScanResult' implicitly has an 'any' type.
src/components/Operators/viewTask-old/codeScanner/index.tsx(19,7): error TS2322: Type 'Html5Qrcode' is not assignable to type 'null'.
src/components/Operators/viewTask-old/codeScanner/index.tsx(20,13): error TS18047: 'qrCodeRef.current' is possibly 'null'.
src/components/Operators/viewTask-old/codeScanner/index.tsx(39,10): error TS7006: Parameter 'decodedText' implicitly has an 'any' type.
src/components/Operators/viewTask-old/codeScanner/index.tsx(46,11): error TS18047: 'qrCodeRef.current' is possibly 'null'.
src/components/Operators/viewTask-old/codeScanner/index.tsx(48,10): error TS7006: Parameter 'error' implicitly has an 'any' type.
src/components/Operators/viewTask-old/codeScanner/index.tsx(61,27): error TS2339: Property 'clear' does not exist on type 'never'.
src/components/Operators/viewTask-old/DeviceTestComponent.tsx(9,3): error TS7031: Binding element 'processStatus' implicitly has an 'any' type.
src/components/Operators/viewTask-old/DeviceTestComponent.tsx(10,3): error TS7031: Binding element 'isDownTimeEnable' implicitly has an 'any' type.
src/components/Operators/viewTask-old/DeviceTestComponent.tsx(11,3): error TS7031: Binding element 'product' implicitly has an 'any' type.
src/components/Operators/viewTask-old/DeviceTestComponent.tsx(12,3): error TS7031: Binding element 'isDeviceSectionShow' implicitly has an 'any' type.
src/components/Operators/viewTask-old/DeviceTestComponent.tsx(13,3): error TS7031: Binding element 'taskStatus' implicitly has an 'any' type.
src/components/Operators/viewTask-old/DeviceTestComponent.tsx(14,3): error TS7031: Binding element 'handleStart' implicitly has an 'any' type.
src/components/Operators/viewTask-old/DeviceTestComponent.tsx(15,3): error TS7031: Binding element 'isPaused' implicitly has an 'any' type.
src/components/Operators/viewTask-old/DeviceTestComponent.tsx(16,3): error TS7031: Binding element 'timerDisplay' implicitly has an 'any' type.
src/components/Operators/viewTask-old/DeviceTestComponent.tsx(17,3): error TS7031: Binding element 'deviceDisplay' implicitly has an 'any' type.
src/components/Operators/viewTask-old/DeviceTestComponent.tsx(18,3): error TS7031: Binding element 'SearchableInput' implicitly has an 'any' type.
src/components/Operators/viewTask-old/DeviceTestComponent.tsx(19,3): error TS7031: Binding element 'deviceList' implicitly has an 'any' type.
src/components/Operators/viewTask-old/DeviceTestComponent.tsx(20,3): error TS7031: Binding element 'checkedDevice' implicitly has an 'any' type.
src/components/Operators/viewTask-old/DeviceTestComponent.tsx(21,3): error TS7031: Binding element 'searchQuery' implicitly has an 'any' type.
src/components/Operators/viewTask-old/DeviceTestComponent.tsx(22,3): error TS7031: Binding element 'setSearchQuery' implicitly has an 'any' type.
src/components/Operators/viewTask-old/DeviceTestComponent.tsx(23,3): error TS7031: Binding element 'handleNoResults' implicitly has an 'any' type.
src/components/Operators/viewTask-old/DeviceTestComponent.tsx(24,3): error TS7031: Binding element 'setSearchResult' implicitly has an 'any' type.
src/components/Operators/viewTask-old/DeviceTestComponent.tsx(25,3): error TS7031: Binding element 'getDeviceById' implicitly has an 'any' type.
src/components/Operators/viewTask-old/DeviceTestComponent.tsx(26,3): error TS7031: Binding element 'setIsPassNGButtonShow' implicitly has an 'any' type.
src/components/Operators/viewTask-old/DeviceTestComponent.tsx(27,3): error TS7031: Binding element 'setIsStickerPrinted' implicitly has an 'any' type.
src/components/Operators/viewTask-old/DeviceTestComponent.tsx(28,3): error TS7031: Binding element 'searchResult' implicitly has an 'any' type.
src/components/Operators/viewTask-old/DeviceTestComponent.tsx(29,3): error TS7031: Binding element 'notFoundError' implicitly has an 'any' type.
src/components/Operators/viewTask-old/DeviceTestComponent.tsx(30,3): error TS7031: Binding element 'handlePauseResume' implicitly has an 'any' type.
src/components/Operators/viewTask-old/DeviceTestComponent.tsx(31,3): error TS7031: Binding element 'handleStop' implicitly has an 'any' type.
src/components/Operators/viewTask-old/DeviceTestComponent.tsx(32,3): error TS7031: Binding element 'openReportIssueModel' implicitly has an 'any' type.
src/components/Operators/viewTask-old/DeviceTestComponent.tsx(33,3): error TS7031: Binding element 'deviceHistory' implicitly has an 'any' type.
src/components/Operators/viewTask-old/DeviceTestComponent.tsx(34,3): error TS7031: Binding element 'isReportIssueModal' implicitly has an 'any' type.
src/components/Operators/viewTask-old/DeviceTestComponent.tsx(35,3): error TS7031: Binding element 'isStickerPrinted' implicitly has an 'any' type.
src/components/Operators/viewTask-old/DeviceTestComponent.tsx(36,3): error TS7031: Binding element 'isPassNGButtonShow' implicitly has an 'any' type.
src/components/Operators/viewTask-old/DeviceTestComponent.tsx(37,3): error TS7031: Binding element 'processAssignUserStage' implicitly has an 'any' type.
src/components/Operators/viewTask-old/DeviceTestComponent.tsx(38,3): error TS7031: Binding element 'moveToPackaging' implicitly has an 'any' type.
src/components/Operators/viewTask-old/DeviceTestComponent.tsx(39,3): error TS7031: Binding element 'handleSubmitReport' implicitly has an 'any' type.
src/components/Operators/viewTask-old/DeviceTestComponent.tsx(40,3): error TS7031: Binding element 'closeReportIssueModal' implicitly has an 'any' type.
src/components/Operators/viewTask-old/DeviceTestComponent.tsx(41,3): error TS7031: Binding element 'isVerifyStickerModal' implicitly has an 'any' type.
src/components/Operators/viewTask-old/DeviceTestComponent.tsx(42,3): error TS7031: Binding element 'handleVerifyStickerModal' implicitly has an 'any' type.
src/components/Operators/viewTask-old/DeviceTestComponent.tsx(43,3): error TS7031: Binding element 'closeVerifyStickerModal' implicitly has an 'any' type.
src/components/Operators/viewTask-old/DeviceTestComponent.tsx(44,3): error TS7031: Binding element 'handleVerifySticker' implicitly has an 'any' type.
src/components/Operators/viewTask-old/DeviceTestComponent.tsx(45,3): error TS7031: Binding element 'handlePrintSticker' implicitly has an 'any' type.
src/components/Operators/viewTask-old/DeviceTestComponent.tsx(46,3): error TS7031: Binding element 'scanValue' implicitly has an 'any' type.
src/components/Operators/viewTask-old/DeviceTestComponent.tsx(47,3): error TS7031: Binding element 'handleScanValue' implicitly has an 'any' type.
src/components/Operators/viewTask-old/DeviceTestComponent.tsx(48,3): error TS7031: Binding element 'isCheckValueButtonHide' implicitly has an 'any' type.
src/components/Operators/viewTask-old/DeviceTestComponent.tsx(49,3): error TS7031: Binding element 'handlePrintField' implicitly has an 'any' type.
src/components/Operators/viewTask-old/DeviceTestComponent.tsx(50,3): error TS7031: Binding element 'isScanValuePass' implicitly has an 'any' type.
src/components/Operators/viewTask-old/DeviceTestComponent.tsx(51,3): error TS7031: Binding element 'handleUpdateStatus' implicitly has an 'any' type.
src/components/Operators/viewTask-old/DeviceTestComponent.tsx(52,3): error TS7031: Binding element 'handleMoveToPackaging' implicitly has an 'any' type.
src/components/Operators/viewTask-old/DeviceTestComponent.tsx(53,3): error TS7031: Binding element 'processData' implicitly has an 'any' type.
src/components/Operators/viewTask-old/DeviceTestComponent.tsx(54,3): error TS7031: Binding element 'handleAddToCart' implicitly has an 'any' type.
src/components/Operators/viewTask-old/DeviceTestComponent.tsx(55,3): error TS7031: Binding element 'setIssueType' implicitly has an 'any' type.
src/components/Operators/viewTask-old/DeviceTestComponent.tsx(56,3): error TS7031: Binding element 'setIssueDescription' implicitly has an 'any' type.
src/components/Operators/viewTask-old/DeviceTestComponent.tsx(57,3): error TS7031: Binding element 'getDownTimeVal' implicitly has an 'any' type.
src/components/Operators/viewTask-old/DeviceTestComponent.tsx(58,3): error TS7031: Binding element 'serialNumber' implicitly has an 'any' type.
src/components/Operators/viewTask-old/DeviceTestComponent.tsx(59,3): error TS7031: Binding element 'setSerialNumber' implicitly has an 'any' type.
src/components/Operators/viewTask-old/DeviceTestComponent.tsx(143,57): error TS7006: Parameter 'value' implicitly has an 'any' type.
src/components/Operators/viewTask-old/DeviceTestComponent.tsx(143,64): error TS7006: Parameter 'index' implicitly has an 'any' type.
src/components/Operators/viewTask-old/DeviceTestComponent.tsx(471,49): error TS7006: Parameter 'row' implicitly has an 'any' type.
src/components/Operators/viewTask-old/DeviceTestComponent.tsx(471,54): error TS7006: Parameter 'rowIndex' implicitly has an 'any' type.
src/components/Operators/viewTask-old/DeviceTestComponent.tsx(509,51): error TS7006: Parameter 'row' implicitly has an 'any' type.
src/components/Operators/viewTask-old/DeviceTestComponent.tsx(509,56): error TS7006: Parameter 'rowIndex' implicitly has an 'any' type.
src/components/Operators/viewTask-old/index.tsx(3,33): error TS2307: Cannot find module '@/components/Operators/viewTask/DeviceTestComponent-old' or its corresponding type declarations.
src/components/Operators/viewTask-old/index.tsx(35,3): error TS7031: Binding element 'isFullScreenMode' implicitly has an 'any' type.
src/components/Operators/viewTask-old/index.tsx(36,3): error TS7031: Binding element 'setIsFullScreenMode' implicitly has an 'any' type.
src/components/Operators/viewTask-old/index.tsx(91,27): error TS2345: Argument of type 'string | null' is not assignable to parameter of type 'string'.
  Type 'null' is not assignable to type 'string'.
src/components/Operators/viewTask-old/index.tsx(121,29): error TS2345: Argument of type 'string | null' is not assignable to parameter of type 'string'.
  Type 'null' is not assignable to type 'string'.
src/components/Operators/viewTask-old/index.tsx(148,36): error TS2345: Argument of type 'string | null' is not assignable to parameter of type 'string'.
  Type 'null' is not assignable to type 'string'.
src/components/Operators/viewTask-old/index.tsx(154,49): error TS7006: Parameter 'value' implicitly has an 'any' type.
src/components/Operators/viewTask-old/index.tsx(190,20): error TS7006: Parameter 'device' implicitly has an 'any' type.
src/components/Operators/viewTask-old/index.tsx(191,17): error TS7006: Parameter 'device' implicitly has an 'any' type.
src/components/Operators/viewTask-old/index.tsx(194,10): error TS7006: Parameter 'device' implicitly has an 'any' type.
src/components/Operators/viewTask-old/index.tsx(209,23): error TS2345: Argument of type 'number' is not assignable to parameter of type 'SetStateAction<string>'.
src/components/Operators/viewTask-old/index.tsx(246,29): error TS2345: Argument of type 'string | null' is not assignable to parameter of type 'string'.
  Type 'null' is not assignable to type 'string'.
src/components/Operators/viewTask-old/index.tsx(252,36): error TS2769: No overload matches this call.
  Overload 1 of 3, '(name: string, value: string | Blob): void', gave the following error.
    Argument of type 'string | undefined' is not assignable to parameter of type 'string | Blob'.
      Type 'undefined' is not assignable to type 'string | Blob'.
  Overload 2 of 3, '(name: string, value: string): void', gave the following error.
    Argument of type 'string | undefined' is not assignable to parameter of type 'string'.
      Type 'undefined' is not assignable to type 'string'.
  Overload 3 of 3, '(name: string, blobValue: Blob, filename?: string | undefined): void', gave the following error.
    Argument of type 'string | undefined' is not assignable to parameter of type 'Blob'.
      Type 'undefined' is not assignable to type 'Blob'.
src/components/Operators/viewTask-old/index.tsx(253,56): error TS2339: Property 'stageName' does not exist on type '{}'.
src/components/Operators/viewTask-old/index.tsx(266,28): error TS2339: Property 'message' does not exist on type '{}'.
src/components/Operators/viewTask-old/index.tsx(309,47): error TS7006: Parameter 'value' implicitly has an 'any' type.
src/components/Operators/viewTask-old/index.tsx(336,29): error TS2345: Argument of type 'string | null' is not assignable to parameter of type 'string'.
  Type 'null' is not assignable to type 'string'.
src/components/Operators/viewTask-old/index.tsx(338,11): error TS7034: Variable 'assignOperator' implicitly has type 'any' in some locations where its type cannot be determined.
src/components/Operators/viewTask-old/index.tsx(338,27): error TS7034: Variable 'assignStage' implicitly has type 'any' in some locations where its type cannot be determined.
src/components/Operators/viewTask-old/index.tsx(346,40): error TS2345: Argument of type 'string | null' is not assignable to parameter of type 'string'.
  Type 'null' is not assignable to type 'string'.
src/components/Operators/viewTask-old/index.tsx(349,11): error TS7034: Variable 'seatDetails' implicitly has type 'any' in some locations where its type cannot be determined.
src/components/Operators/viewTask-old/index.tsx(351,13): error TS7005: Variable 'assignOperator' implicitly has an 'any' type.
src/components/Operators/viewTask-old/index.tsx(355,35): error TS2339: Property 'split' does not exist on type 'never'.
src/components/Operators/viewTask-old/index.tsx(358,11): error TS2353: Object literal may only specify known properties, and 'rowNumber' does not exist in type '(prevState: string) => string'.
src/components/Operators/viewTask-old/index.tsx(364,22): error TS7005: Variable 'seatDetails' implicitly has an 'any' type.
src/components/Operators/viewTask-old/index.tsx(365,31): error TS7005: Variable 'assignStage' implicitly has an 'any' type.
src/components/Operators/viewTask-old/index.tsx(366,30): error TS7005: Variable 'assignStage' implicitly has an 'any' type.
src/components/Operators/viewTask-old/index.tsx(385,32): error TS7006: Parameter 'event' implicitly has an 'any' type.
src/components/Operators/viewTask-old/index.tsx(388,37): error TS7006: Parameter 'status' implicitly has an 'any' type.
src/components/Operators/viewTask-old/index.tsx(391,28): error TS2339: Property 'serialNo' does not exist on type 'never'.
src/components/Operators/viewTask-old/index.tsx(395,43): error TS2339: Property 'stages' does not exist on type '{}'.
src/components/Operators/viewTask-old/index.tsx(396,12): error TS7006: Parameter 'stage' implicitly has an 'any' type.
src/components/Operators/viewTask-old/index.tsx(396,59): error TS2339: Property 'name' does not exist on type '{}'.
src/components/Operators/viewTask-old/index.tsx(400,41): error TS2339: Property 'stages' does not exist on type '{}'.
src/components/Operators/viewTask-old/index.tsx(401,30): error TS2339: Property 'stages' does not exist on type '{}'.
src/components/Operators/viewTask-old/index.tsx(406,47): error TS2339: Property 'commonStages' does not exist on type '{}'.
src/components/Operators/viewTask-old/index.tsx(409,27): error TS2339: Property 'commonStages' does not exist on type '{}'.
src/components/Operators/viewTask-old/index.tsx(411,65): error TS2339: Property 'name' does not exist on type '{}'.
src/components/Operators/viewTask-old/index.tsx(415,45): error TS2339: Property '_id' does not exist on type 'never'.
src/components/Operators/viewTask-old/index.tsx(421,36): error TS2345: Argument of type 'string | null' is not assignable to parameter of type 'string'.
  Type 'null' is not assignable to type 'string'.
src/components/Operators/viewTask-old/index.tsx(422,49): error TS2339: Property '_id' does not exist on type 'never'.
src/components/Operators/viewTask-old/index.tsx(424,33): error TS2769: No overload matches this call.
  Overload 1 of 3, '(name: string, value: string | Blob): void', gave the following error.
    Argument of type 'string | undefined' is not assignable to parameter of type 'string | Blob'.
  Overload 2 of 3, '(name: string, value: string): void', gave the following error.
    Argument of type 'string | undefined' is not assignable to parameter of type 'string'.
      Type 'undefined' is not assignable to type 'string'.
  Overload 3 of 3, '(name: string, blobValue: Blob, filename?: string | undefined): void', gave the following error.
    Argument of type 'string | undefined' is not assignable to parameter of type 'Blob'.
      Type 'undefined' is not assignable to type 'Blob'.
src/components/Operators/viewTask-old/index.tsx(425,53): error TS2339: Property 'product' does not exist on type '{}'.
src/components/Operators/viewTask-old/index.tsx(427,49): error TS2339: Property 'serialNo' does not exist on type 'never'.
src/components/Operators/viewTask-old/index.tsx(430,27): error TS2339: Property 'rowNumber' does not exist on type 'string'.
src/components/Operators/viewTask-old/index.tsx(430,63): error TS2339: Property 'seatNumber' does not exist on type 'string'.
src/components/Operators/viewTask-old/index.tsx(432,53): error TS2339: Property 'name' does not exist on type '{}'.
src/components/Operators/viewTask-old/index.tsx(438,26): error TS2345: Argument of type '(prev: never[]) => { deviceInfo: never; stageName: any; status: any; timeTaken: string; }[]' is not assignable to parameter of type 'SetStateAction<never[]>'.
  Type '(prev: never[]) => { deviceInfo: never; stageName: any; status: any; timeTaken: string; }[]' is not assignable to type '(prevState: never[]) => never[]'.
    Type '{ deviceInfo: never; stageName: any; status: any; timeTaken: string; }[]' is not assignable to type 'never[]'.
      Type '{ deviceInfo: never; stageName: any; status: any; timeTaken: string; }' is not assignable to type 'never'.
src/components/Operators/viewTask-old/index.tsx(442,41): error TS2339: Property 'name' does not exist on type '{}'.
src/components/Operators/viewTask-old/index.tsx(466,26): error TS2339: Property 'message' does not exist on type '{}'.
src/components/Operators/viewTask-old/index.tsx(469,28): error TS7006: Parameter 'query' implicitly has an 'any' type.
src/components/Operators/viewTask-old/index.tsx(474,32): error TS7006: Parameter 'totalAttempts' implicitly has an 'any' type.
src/components/Operators/viewTask-old/index.tsx(474,47): error TS7006: Parameter 'upha' implicitly has an 'any' type.
src/components/Operators/viewTask-old/index.tsx(474,53): error TS7006: Parameter 'timeDifference' implicitly has an 'any' type.
src/components/Operators/viewTask-old/index.tsx(569,7): error TS2322: Type 'boolean' is not assignable to type 'never'.
src/components/Operators/viewTask-old/index.tsx(570,7): error TS2322: Type 'boolean' is not assignable to type 'never'.
src/components/Operators/viewTask-old/index.tsx(572,7): error TS2322: Type 'boolean' is not assignable to type 'never'.
src/components/Operators/viewTask-old/index.tsx(577,28): error TS7006: Parameter 'index' implicitly has an 'any' type.
src/components/Operators/viewTask-old/index.tsx(577,35): error TS7006: Parameter 'event' implicitly has an 'any' type.
src/components/Operators/viewTask-old/index.tsx(579,5): error TS2322: Type 'any' is not assignable to type 'never'.
src/components/Operators/viewTask-old/index.tsx(582,42): error TS2304: Cannot find name 'Device'.
src/components/Operators/viewTask-old/index.tsx(586,37): error TS2339: Property 'devices' does not exist on type 'string'.
src/components/Operators/viewTask-old/index.tsx(586,66): error TS2339: Property 'maxCapacity' does not exist on type 'string'.
src/components/Operators/viewTask-old/index.tsx(603,26): error TS2304: Cannot find name 'Carton'.
src/components/Operators/viewTask-old/index.tsx(615,17): error TS2339: Property 'push' does not exist on type 'string'.
src/components/Operators/viewTask-old/index.tsx(618,20): error TS2339: Property 'devices' does not exist on type 'string'.
src/components/Operators/viewTask-old/index.tsx(619,24): error TS2339: Property 'devices' does not exist on type 'string'.
src/components/Operators/viewTask-old/index.tsx(619,54): error TS2339: Property 'maxCapacity' does not exist on type 'string'.
src/components/Operators/viewTask-old/index.tsx(620,22): error TS2339: Property 'status' does not exist on type 'string'.
src/components/Operators/viewTask-old/index.tsx(622,22): error TS2339: Property 'status' does not exist on type 'string'.
src/components/Operators/viewTask-old/index.tsx(654,48): error TS2339: Property '_id' does not exist on type '{}'.
src/components/Operators/viewTask-old/index.tsx(655,48): error TS2339: Property '_id' does not exist on type '{}'.
src/components/Operators/viewTask-old/index.tsx(656,48): error TS2339: Property '_id' does not exist on type '{}'.
src/components/Operators/viewTask-old/index.tsx(657,48): error TS2339: Property '_id' does not exist on type '{}'.
src/components/Operators/viewTask-old/index.tsx(658,48): error TS2339: Property '_id' does not exist on type '{}'.
src/components/Operators/viewTask-old/index.tsx(678,33): error TS2339: Property 'name' does not exist on type '{}'.
src/components/Operators/viewTask-old/index.tsx(678,60): error TS2339: Property 'name' does not exist on type '{}'.
src/components/Operators/viewTask-old/index.tsx(693,46): error TS2339: Property 'rowNumber' does not exist on type 'string'.
src/components/Operators/viewTask-old/index.tsx(694,32): error TS2339: Property 'seatNumber' does not exist on type 'string'.
src/components/Operators/viewTask-old/index.tsx(703,44): error TS2339: Property 'totalUPHA' does not exist on type '{}'.
src/components/Operators/viewTask-old/index.tsx(707,43): error TS2339: Property 'assignedIssuedKits' does not exist on type 'never[]'.
src/components/Operators/viewTask-old/index.tsx(711,43): error TS2339: Property 'assignedIssuedKits' does not exist on type 'never[]'.
src/components/Operators/viewTask-old/index.tsx(712,51): error TS2339: Property 'processQuantity' does not exist on type 'never[]'.
src/components/Operators/viewTask-old/index.tsx(713,55): error TS2339: Property 'processQuantity' does not exist on type 'never[]'.
src/components/Operators/viewTask-old/index.tsx(714,46): error TS2339: Property 'assignedIssuedKits' does not exist on type 'never[]'.
src/components/Operators/viewTask-old/index.tsx(740,34): error TS2339: Property 'upha' does not exist on type '{}'.
src/components/Operators/viewTask-old/index.tsx(749,34): error TS2339: Property 'upha' does not exist on type '{}'.
src/components/Operators/viewTask-old/index.tsx(855,27): error TS2339: Property 'name' does not exist on type '{}'.
src/components/Operators/viewTask-old/index.tsx(859,35): error TS2339: Property 'name' does not exist on type '{}'.
src/components/Operators/viewTask-old/index.tsx(863,43): error TS2339: Property 'ProcessShiftMappings' does not exist on type 'never[]'.
src/components/Operators/viewTask-old/index.tsx(865,48): error TS2339: Property 'ProcessShiftMappings' does not exist on type 'never[]'.
src/components/Operators/viewTask-old/index.tsx(866,49): error TS2339: Property 'ProcessShiftMappings' does not exist on type 'never[]'.
src/components/Operators/viewTask-old/index.tsx(872,27): error TS2339: Property 'orderConfirmationNo' does not exist on type '{}'.
src/components/Operators/viewTask-old/index.tsx(876,27): error TS2339: Property 'processID' does not exist on type '{}'.
src/components/Operators/viewTask-old/index.tsx(881,25): error TS2339: Property 'weekDays' does not exist on type '{}'.
src/components/Operators/viewTask-old/index.tsx(882,38): error TS2339: Property 'weekDays' does not exist on type '{}'.
src/components/Operators/viewTask-old/index.tsx(883,62): error TS2339: Property 'weekDays' does not exist on type '{}'.
src/components/Operators/viewTask-old/index.tsx(893,27): error TS2339: Property 'descripition' does not exist on type '{}'.
src/components/Operators/viewTask-old/index.tsx(904,35): error TS2339: Property 'subSteps' does not exist on type '{}'.
src/components/Operators/viewTask-old/index.tsx(943,19): error TS2339: Property 'intervals' does not exist on type '{}'.
src/components/Operators/viewTask-old/index.tsx(951,27): error TS2339: Property 'intervals' does not exist on type '{}'.
src/components/Operators/viewTask-old/index.tsx(951,43): error TS7006: Parameter 'interval' implicitly has an 'any' type.
src/components/Operators/viewTask-old/index.tsx(951,53): error TS7006: Parameter 'index' implicitly has an 'any' type.
src/components/Operators/viewTask/BasicInformation.tsx(167,38): error TS2339: Property 'subSteps' does not exist on type 'any[]'.
src/components/Operators/viewTask/BasicInformation.tsx(168,39): error TS2339: Property 'subSteps' does not exist on type 'any[]'.
src/components/Operators/viewTask/BasicInformation.tsx(168,54): error TS7006: Parameter 'stage' implicitly has an 'any' type.
src/components/Operators/viewTask/BasicInformation.tsx(168,61): error TS7006: Parameter 'index' implicitly has an 'any' type.
src/components/Operators/viewTask/BasicInformation.tsx(186,45): error TS7006: Parameter 'jf' implicitly has an 'any' type.
src/components/Operators/viewTask/BasicInformation.tsx(186,49): error TS7006: Parameter 'i' implicitly has an 'any' type.
src/components/Operators/viewTask/hooks/useCartonLogic.ts(174,45): error TS2339: Property 'cartonSerial' does not exist on type 'never'.
src/components/PlaningScheduling/add/DraggableGridItem.tsx(3,10): error TS2305: Module '"react-dnd"' has no exported member 'useDrag'.
src/components/PlaningScheduling/add/DraggableGridItem.tsx(3,19): error TS2305: Module '"react-dnd"' has no exported member 'useDrop'.
src/components/PlaningScheduling/add/DraggableGridItem.tsx(8,3): error TS7031: Binding element 'item' implicitly has an 'any' type.
src/components/PlaningScheduling/add/DraggableGridItem.tsx(9,3): error TS7031: Binding element 'rowIndex' implicitly has an 'any' type.
src/components/PlaningScheduling/add/DraggableGridItem.tsx(10,3): error TS7031: Binding element 'seatIndex' implicitly has an 'any' type.
src/components/PlaningScheduling/add/DraggableGridItem.tsx(11,3): error TS7031: Binding element 'handleDrop' implicitly has an 'any' type.
src/components/PlaningScheduling/add/DraggableGridItem.tsx(12,3): error TS7031: Binding element 'handleDragOver' implicitly has an 'any' type.
src/components/PlaningScheduling/add/DraggableGridItem.tsx(13,3): error TS7031: Binding element 'handleRemoveStage' implicitly has an 'any' type.
src/components/PlaningScheduling/add/DraggableGridItem.tsx(14,3): error TS7031: Binding element 'assignedStages' implicitly has an 'any' type.
src/components/PlaningScheduling/add/DraggableGridItem.tsx(15,3): error TS7031: Binding element 'coordinates' implicitly has an 'any' type.
src/components/PlaningScheduling/add/DraggableGridItem.tsx(16,3): error TS7031: Binding element 'moveItem' implicitly has an 'any' type.
src/components/PlaningScheduling/add/DraggableGridItem.tsx(17,3): error TS7031: Binding element 'operators' implicitly has an 'any' type.
src/components/PlaningScheduling/add/DraggableGridItem.tsx(18,3): error TS7031: Binding element 'assignedOperators' implicitly has an 'any' type.
src/components/PlaningScheduling/add/DraggableGridItem.tsx(19,3): error TS7031: Binding element 'setAssignedOperators' implicitly has an 'any' type.
src/components/PlaningScheduling/add/DraggableGridItem.tsx(20,3): error TS7031: Binding element 'filteredOperators' implicitly has an 'any' type.
src/components/PlaningScheduling/add/DraggableGridItem.tsx(21,3): error TS7031: Binding element 'setFilteredOperators' implicitly has an 'any' type.
src/components/PlaningScheduling/add/DraggableGridItem.tsx(22,3): error TS7031: Binding element 'rowSeatLength' implicitly has an 'any' type.
src/components/PlaningScheduling/add/DraggableGridItem.tsx(23,3): error TS7031: Binding element 'jigCategories' implicitly has an 'any' type.
src/components/PlaningScheduling/add/DraggableGridItem.tsx(24,3): error TS7031: Binding element 'assignedJigs' implicitly has an 'any' type.
src/components/PlaningScheduling/add/DraggableGridItem.tsx(25,3): error TS7031: Binding element 'setAssignedJigs' implicitly has an 'any' type.
src/components/PlaningScheduling/add/DraggableGridItem.tsx(33,40): error TS7006: Parameter 'stage' implicitly has an 'any' type.
src/components/PlaningScheduling/add/DraggableGridItem.tsx(39,26): error TS18046: 'operator' is of type 'unknown'.
src/components/PlaningScheduling/add/DraggableGridItem.tsx(40,51): error TS7006: Parameter 'operator' implicitly has an 'any' type.
src/components/PlaningScheduling/add/DraggableGridItem.tsx(41,53): error TS7006: Parameter 'skill' implicitly has an 'any' type.
src/components/PlaningScheduling/add/DraggableGridItem.tsx(44,50): error TS7006: Parameter 'skill' implicitly has an 'any' type.
src/components/PlaningScheduling/add/DraggableGridItem.tsx(47,39): error TS7006: Parameter 'stage' implicitly has an 'any' type.
src/components/PlaningScheduling/add/DraggableGridItem.tsx(65,15): error TS7006: Parameter 'monitor' implicitly has an 'any' type.
src/components/PlaningScheduling/add/DraggableGridItem.tsx(72,12): error TS7006: Parameter 'draggedItem' implicitly has an 'any' type.
src/components/PlaningScheduling/add/DraggableGridItem.tsx(78,27): error TS7006: Parameter 'rowIndex' implicitly has an 'any' type.
src/components/PlaningScheduling/add/DraggableGridItem.tsx(78,37): error TS7006: Parameter 'seatIndex' implicitly has an 'any' type.
src/components/PlaningScheduling/add/DraggableGridItem.tsx(78,48): error TS7006: Parameter 'event' implicitly has an 'any' type.
src/components/PlaningScheduling/add/DraggableGridItem.tsx(79,38): error TS7006: Parameter 'val' implicitly has an 'any' type.
src/components/PlaningScheduling/add/DraggableGridItem.tsx(88,22): error TS7006: Parameter 'rowIndex' implicitly has an 'any' type.
src/components/PlaningScheduling/add/DraggableGridItem.tsx(88,32): error TS7006: Parameter 'seatIndex' implicitly has an 'any' type.
src/components/PlaningScheduling/add/DraggableGridItem.tsx(88,43): error TS7006: Parameter 'event' implicitly has an 'any' type.
src/components/PlaningScheduling/add/DraggableGridItem.tsx(89,40): error TS2339: Property '_id' does not exist on type 'never'.
src/components/PlaningScheduling/add/DraggableGridItem.tsx(104,33): error TS7006: Parameter 'rowIndex' implicitly has an 'any' type.
src/components/PlaningScheduling/add/DraggableGridItem.tsx(104,43): error TS7006: Parameter 'seatIndex' implicitly has an 'any' type.
src/components/PlaningScheduling/add/DraggableGridItem.tsx(106,27): error TS7006: Parameter 'prevAssignedOperators' implicitly has an 'any' type.
src/components/PlaningScheduling/add/DraggableGridItem.tsx(112,28): error TS7006: Parameter 'rowIndex' implicitly has an 'any' type.
src/components/PlaningScheduling/add/DraggableGridItem.tsx(112,38): error TS7006: Parameter 'seatIndex' implicitly has an 'any' type.
src/components/PlaningScheduling/add/DraggableGridItem.tsx(112,49): error TS7006: Parameter 'index' implicitly has an 'any' type.
src/components/PlaningScheduling/add/DraggableGridItem.tsx(114,22): error TS7006: Parameter 'prevAssignedJigs' implicitly has an 'any' type.
src/components/PlaningScheduling/add/DraggableGridItem.tsx(117,61): error TS7006: Parameter '_' implicitly has an 'any' type.
src/components/PlaningScheduling/add/DraggableGridItem.tsx(117,64): error TS7006: Parameter 'i' implicitly has an 'any' type.
src/components/PlaningScheduling/add/DraggableGridItem.tsx(125,40): error TS7006: Parameter 'operatorName' implicitly has an 'any' type.
src/components/PlaningScheduling/add/DraggableGridItem.tsx(127,25): error TS2339: Property 'some' does not exist on type '{}'.
src/components/PlaningScheduling/add/DraggableGridItem.tsx(128,10): error TS7006: Parameter 'assignedOperator' implicitly has an 'any' type.
src/components/PlaningScheduling/add/DraggableGridItem.tsx(132,35): error TS7006: Parameter 'jigName' implicitly has an 'any' type.
src/components/PlaningScheduling/add/DraggableGridItem.tsx(134,19): error TS2339: Property 'some' does not exist on type '{}'.
src/components/PlaningScheduling/add/DraggableGridItem.tsx(134,25): error TS7006: Parameter 'assignedJig' implicitly has an 'any' type.
src/components/PlaningScheduling/add/DraggableGridItem.tsx(385,42): error TS7006: Parameter 'operator' implicitly has an 'any' type.
src/components/PlaningScheduling/add/DraggableGridItem.tsx(385,52): error TS7006: Parameter 'index' implicitly has an 'any' type.
src/components/PlaningScheduling/add/DraggableGridItem.tsx(433,38): error TS7006: Parameter 'category' implicitly has an 'any' type.
src/components/PlaningScheduling/add/DraggableGridItem.tsx(433,48): error TS7006: Parameter 'index' implicitly has an 'any' type.
src/components/PlaningScheduling/add/DraggableGridItem.tsx(464,33): error TS2339: Property '_id' does not exist on type 'never'.
src/components/PlaningScheduling/add/DraggableGridItem.tsx(465,59): error TS2339: Property 'name' does not exist on type 'never'.
src/components/PlaningScheduling/add/DraggableGridItem.tsx(467,27): error TS2339: Property 'name' does not exist on type 'never'.
src/components/PlaningScheduling/add/DraggableGridItem.tsx(468,50): error TS2339: Property 'name' does not exist on type 'never'.
src/components/PlaningScheduling/add/page.tsx(25,10): error TS2305: Module '"react-dnd"' has no exported member 'DndProvider'.
src/components/PlaningScheduling/add/page.tsx(227,7): error TS7053: Element implicitly has an 'any' type because expression of type 'string' can't be used to index type '{}'.
  No index signature with a parameter of type 'string' was found on type '{}'.
src/components/PlaningScheduling/add/page.tsx(227,36): error TS7006: Parameter 'stage' implicitly has an 'any' type.
src/components/PlaningScheduling/add/page.tsx(229,9): error TS7053: Element implicitly has an 'any' type because expression of type 'any' can't be used to index type '{}'.
src/components/PlaningScheduling/add/page.tsx(230,12): error TS7053: Element implicitly has an 'any' type because expression of type 'any' can't be used to index type '{}'.
src/components/PlaningScheduling/add/page.tsx(262,33): error TS7006: Parameter 'prev' implicitly has an 'any' type.
src/components/PlaningScheduling/add/page.tsx(313,38): error TS7006: Parameter 'stage' implicitly has an 'any' type.
src/components/PlaningScheduling/add/page.tsx(315,20): error TS7006: Parameter 'value' implicitly has an 'any' type.
src/components/PlaningScheduling/add/page.tsx(316,21): error TS7006: Parameter 'value' implicitly has an 'any' type.
src/components/PlaningScheduling/add/page.tsx(333,10): error TS7006: Parameter 'value' implicitly has an 'any' type.
src/components/PlaningScheduling/add/page.tsx(335,53): error TS7006: Parameter 'value' implicitly has an 'any' type.
src/components/PlaningScheduling/add/page.tsx(349,5): error TS7006: Parameter 'rowIndex' implicitly has an 'any' type.
src/components/PlaningScheduling/add/page.tsx(350,5): error TS7006: Parameter 'seatIndex' implicitly has an 'any' type.
src/components/PlaningScheduling/add/page.tsx(351,5): error TS7006: Parameter 'stageIndex' implicitly has an 'any' type.
src/components/PlaningScheduling/add/page.tsx(352,5): error TS7006: Parameter 'rowSeatLength' implicitly has an 'any' type.
src/components/PlaningScheduling/add/page.tsx(354,24): error TS7006: Parameter 'prev' implicitly has an 'any' type.
src/components/PlaningScheduling/add/page.tsx(359,12): error TS7006: Parameter '_' implicitly has an 'any' type.
src/components/PlaningScheduling/add/page.tsx(359,15): error TS7006: Parameter 'index' implicitly has an 'any' type.
src/components/PlaningScheduling/add/page.tsx(385,11): error TS7053: Element implicitly has an 'any' type because expression of type 'string' can't be used to index type '{}'.
  No index signature with a parameter of type 'string' was found on type '{}'.
src/components/PlaningScheduling/add/page.tsx(386,11): error TS7053: Element implicitly has an 'any' type because expression of type 'string' can't be used to index type '{}'.
  No index signature with a parameter of type 'string' was found on type '{}'.
src/components/PlaningScheduling/add/page.tsx(395,9): error TS7053: Element implicitly has an 'any' type because expression of type 'string' can't be used to index type '{}'.
  No index signature with a parameter of type 'string' was found on type '{}'.
src/components/PlaningScheduling/add/page.tsx(396,9): error TS7053: Element implicitly has an 'any' type because expression of type 'string' can't be used to index type '{}'.
  No index signature with a parameter of type 'string' was found on type '{}'.
src/components/PlaningScheduling/add/page.tsx(403,33): error TS2802: Type 'Set<string>' can only be iterated through when using the '--downlevelIteration' flag or with a '--target' of 'es2015' or higher.
src/components/PlaningScheduling/add/page.tsx(404,9): error TS7053: Element implicitly has an 'any' type because expression of type 'any' can't be used to index type '{}'.
src/components/PlaningScheduling/add/page.tsx(405,9): error TS7053: Element implicitly has an 'any' type because expression of type 'any' can't be used to index type '{}'.
src/components/PlaningScheduling/add/page.tsx(421,36): error TS7006: Parameter 'selected' implicitly has an 'any' type.
src/components/PlaningScheduling/add/page.tsx(431,38): error TS2362: The left-hand side of an arithmetic operation must be of type 'any', 'number', 'bigint' or an enum type.
src/components/PlaningScheduling/add/page.tsx(431,48): error TS2363: The right-hand side of an arithmetic operation must be of type 'any', 'number', 'bigint' or an enum type.
src/components/PlaningScheduling/add/page.tsx(440,13): error TS7006: Parameter 'event' implicitly has an 'any' type.
src/components/PlaningScheduling/add/page.tsx(456,26): error TS7006: Parameter 'prev' implicitly has an 'any' type.
src/components/PlaningScheduling/add/page.tsx(472,16): error TS7006: Parameter 'stage' implicitly has an 'any' type.
src/components/PlaningScheduling/add/page.tsx(484,12): error TS7006: Parameter 'stage' implicitly has an 'any' type.
src/components/PlaningScheduling/add/page.tsx(494,39): error TS7006: Parameter 'updatedStages' implicitly has an 'any' type.
src/components/PlaningScheduling/add/page.tsx(494,54): error TS7006: Parameter 'rowIndex' implicitly has an 'any' type.
src/components/PlaningScheduling/add/page.tsx(494,64): error TS7006: Parameter 'seatIndex' implicitly has an 'any' type.
src/components/PlaningScheduling/add/page.tsx(501,35): error TS7006: Parameter 'stageName' implicitly has an 'any' type.
src/components/PlaningScheduling/add/page.tsx(503,9): error TS7053: Element implicitly has an 'any' type because expression of type 'any' can't be used to index type '{}'.
src/components/PlaningScheduling/add/page.tsx(504,12): error TS7053: Element implicitly has an 'any' type because expression of type 'any' can't be used to index type '{}'.
src/components/PlaningScheduling/add/page.tsx(527,10): error TS7006: Parameter 'stage' implicitly has an 'any' type.
src/components/PlaningScheduling/add/page.tsx(528,38): error TS7053: Element implicitly has an 'any' type because expression of type 'any' can't be used to index type '{}'.
src/components/PlaningScheduling/add/page.tsx(539,25): error TS2345: Argument of type 'string | null' is not assignable to parameter of type 'SetStateAction<string>'.
  Type 'null' is not assignable to type 'SetStateAction<string>'.
src/components/PlaningScheduling/add/page.tsx(543,27): error TS7006: Parameter 'event' implicitly has an 'any' type.
src/components/PlaningScheduling/add/page.tsx(572,13): error TS7053: Element implicitly has an 'any' type because expression of type 'string' can't be used to index type '{}'.
  No index signature with a parameter of type 'string' was found on type '{}'.
src/components/PlaningScheduling/add/page.tsx(573,11): error TS7053: Element implicitly has an 'any' type because expression of type 'string' can't be used to index type '{}'.
  No index signature with a parameter of type 'string' was found on type '{}'.
src/components/PlaningScheduling/add/page.tsx(573,36): error TS7053: Element implicitly has an 'any' type because expression of type 'string' can't be used to index type '{}'.
  No index signature with a parameter of type 'string' was found on type '{}'.
src/components/PlaningScheduling/add/page.tsx(576,14): error TS7053: Element implicitly has an 'any' type because expression of type 'string' can't be used to index type '{}'.
  No index signature with a parameter of type 'string' was found on type '{}'.
src/components/PlaningScheduling/add/page.tsx(577,11): error TS7053: Element implicitly has an 'any' type because expression of type 'string' can't be used to index type '{}'.
  No index signature with a parameter of type 'string' was found on type '{}'.
src/components/PlaningScheduling/add/page.tsx(583,14): error TS7006: Parameter 'step' implicitly has an 'any' type.
src/components/PlaningScheduling/add/page.tsx(585,11): error TS7053: Element implicitly has an 'any' type because expression of type 'string' can't be used to index type '{}'.
  No index signature with a parameter of type 'string' was found on type '{}'.
src/components/PlaningScheduling/add/page.tsx(599,11): error TS7053: Element implicitly has an 'any' type because expression of type 'string' can't be used to index type '{}'.
  No index signature with a parameter of type 'string' was found on type '{}'.
src/components/PlaningScheduling/add/page.tsx(600,16): error TS7053: Element implicitly has an 'any' type because expression of type 'string' can't be used to index type '{}'.
  No index signature with a parameter of type 'string' was found on type '{}'.
src/components/PlaningScheduling/add/page.tsx(606,37): error TS7006: Parameter 'slots' implicitly has an 'any' type.
src/components/PlaningScheduling/add/page.tsx(607,24): error TS7006: Parameter 'timeStr' implicitly has an 'any' type.
src/components/PlaningScheduling/add/page.tsx(611,40): error TS7006: Parameter 'total' implicitly has an 'any' type.
src/components/PlaningScheduling/add/page.tsx(611,47): error TS7006: Parameter 'slot' implicitly has an 'any' type.
src/components/PlaningScheduling/add/page.tsx(664,9): error TS2322: Type 'string | 0' is not assignable to type 'number'.
  Type 'string' is not assignable to type 'number'.
src/components/PlaningScheduling/add/page.tsx(743,9): error TS7053: Element implicitly has an 'any' type because expression of type 'string' can't be used to index type '{}'.
  No index signature with a parameter of type 'string' was found on type '{}'.
src/components/PlaningScheduling/add/page.tsx(750,27): error TS2345: Argument of type 'string | null' is not assignable to parameter of type 'SetStateAction<string>'.
src/components/PlaningScheduling/add/page.tsx(802,39): error TS2339: Property 'stepName' does not exist on type 'never'.
src/components/PlaningScheduling/add/page.tsx(809,24): error TS7006: Parameter 'prevStages' implicitly has an 'any' type.
src/components/PlaningScheduling/add/page.tsx(881,13): error TS18046: 'value' is of type 'unknown'.
src/components/PlaningScheduling/add/page.tsx(882,16): error TS7006: Parameter 'item' implicitly has an 'any' type.
src/components/PlaningScheduling/add/page.tsx(910,36): error TS2769: No overload matches this call.
  Overload 1 of 3, '(name: string, value: string | Blob): void', gave the following error.
    Argument of type 'number' is not assignable to parameter of type 'string | Blob'.
  Overload 2 of 3, '(name: string, value: string): void', gave the following error.
    Argument of type 'number' is not assignable to parameter of type 'string'.
  Overload 3 of 3, '(name: string, blobValue: Blob, filename?: string | undefined): void', gave the following error.
    Argument of type 'number' is not assignable to parameter of type 'Blob'.
src/components/PlaningScheduling/add/page.tsx(933,13): error TS18046: 'value' is of type 'unknown'.
src/components/PlaningScheduling/add/page.tsx(935,18): error TS7006: Parameter 'item' implicitly has an 'any' type.
src/components/PlaningScheduling/add/page.tsx(937,21): error TS7006: Parameter 'item' implicitly has an 'any' type.
src/components/PlaningScheduling/add/page.tsx(951,11): error TS7053: Element implicitly has an 'any' type because expression of type 'string' can't be used to index type '{}'.
  No index signature with a parameter of type 'string' was found on type '{}'.
src/components/PlaningScheduling/add/page.tsx(951,35): error TS7015: Element implicitly has an 'any' type because index expression is not of type 'number'.
src/components/PlaningScheduling/add/page.tsx(957,11): error TS7053: Element implicitly has an 'any' type because expression of type 'string' can't be used to index type '{}'.
  No index signature with a parameter of type 'string' was found on type '{}'.
src/components/PlaningScheduling/add/page.tsx(969,38): error TS2769: No overload matches this call.
  Overload 1 of 3, '(name: string, value: string | Blob): void', gave the following error.
    Argument of type 'number' is not assignable to parameter of type 'string | Blob'.
  Overload 2 of 3, '(name: string, value: string): void', gave the following error.
    Argument of type 'number' is not assignable to parameter of type 'string'.
  Overload 3 of 3, '(name: string, blobValue: Blob, filename?: string | undefined): void', gave the following error.
    Argument of type 'number' is not assignable to parameter of type 'Blob'.
src/components/PlaningScheduling/add/page.tsx(971,37): error TS2769: No overload matches this call.
  Overload 1 of 3, '(name: string, value: string | Blob): void', gave the following error.
    Argument of type 'number' is not assignable to parameter of type 'string | Blob'.
  Overload 2 of 3, '(name: string, value: string): void', gave the following error.
    Argument of type 'number' is not assignable to parameter of type 'string'.
  Overload 3 of 3, '(name: string, blobValue: Blob, filename?: string | undefined): void', gave the following error.
    Argument of type 'number' is not assignable to parameter of type 'Blob'.
src/components/PlaningScheduling/add/page.tsx(975,11): error TS2769: No overload matches this call.
  Overload 1 of 3, '(name: string, value: string | Blob): void', gave the following error.
    Argument of type 'number' is not assignable to parameter of type 'string | Blob'.
  Overload 2 of 3, '(name: string, value: string): void', gave the following error.
    Argument of type 'number' is not assignable to parameter of type 'string'.
  Overload 3 of 3, '(name: string, blobValue: Blob, filename?: string | undefined): void', gave the following error.
    Argument of type 'number' is not assignable to parameter of type 'Blob'.
src/components/PlaningScheduling/add/page.tsx(992,36): error TS2769: No overload matches this call.
  Overload 1 of 3, '(name: string, value: string | Blob): void', gave the following error.
    Argument of type 'number' is not assignable to parameter of type 'string | Blob'.
  Overload 2 of 3, '(name: string, value: string): void', gave the following error.
    Argument of type 'number' is not assignable to parameter of type 'string'.
  Overload 3 of 3, '(name: string, blobValue: Blob, filename?: string | undefined): void', gave the following error.
    Argument of type 'number' is not assignable to parameter of type 'Blob'.
src/components/PlaningScheduling/add/page.tsx(998,38): error TS2345: Argument of type 'string | null' is not assignable to parameter of type 'string'.
  Type 'null' is not assignable to type 'string'.
src/components/PlaningScheduling/add/page.tsx(1008,18): error TS7053: Element implicitly has an 'any' type because expression of type 'string' can't be used to index type '{}'.
  No index signature with a parameter of type 'string' was found on type '{}'.
src/components/PlaningScheduling/add/page.tsx(1016,17): error TS7053: Element implicitly has an 'any' type because expression of type 'string' can't be used to index type '{}'.
  No index signature with a parameter of type 'string' was found on type '{}'.
src/components/PlaningScheduling/add/page.tsx(1074,45): error TS7053: Element implicitly has an 'any' type because expression of type 'string' can't be used to index type '{}'.
  No index signature with a parameter of type 'string' was found on type '{}'.
src/components/PlaningScheduling/add/page.tsx(1099,18): error TS7053: Element implicitly has an 'any' type because expression of type 'string' can't be used to index type '{}'.
  No index signature with a parameter of type 'string' was found on type '{}'.
src/components/PlaningScheduling/add/page.tsx(1136,22): error TS2339: Property 'error' does not exist on type '{}'.
src/components/PlaningScheduling/add/page.tsx(1144,34): error TS7006: Parameter 'stage' implicitly has an 'any' type.
src/components/PlaningScheduling/add/page.tsx(1144,41): error TS7006: Parameter 'index' implicitly has an 'any' type.
src/components/PlaningScheduling/add/page.tsx(1149,26): error TS18046: 'operator' is of type 'unknown'.
src/components/PlaningScheduling/add/page.tsx(1151,53): error TS7006: Parameter 'skill' implicitly has an 'any' type.
src/components/PlaningScheduling/add/page.tsx(1163,27): error TS7006: Parameter 'event' implicitly has an 'any' type.
src/components/PlaningScheduling/add/page.tsx(1168,31): error TS7015: Element implicitly has an 'any' type because index expression is not of type 'number'.
src/components/PlaningScheduling/add/page.tsx(1169,28): error TS7015: Element implicitly has an 'any' type because index expression is not of type 'number'.
src/components/PlaningScheduling/add/page.tsx(1171,48): error TS7015: Element implicitly has an 'any' type because index expression is not of type 'number'.
src/components/PlaningScheduling/add/page.tsx(1172,8): error TS7006: Parameter 'op' implicitly has an 'any' type.
src/components/PlaningScheduling/add/page.tsx(1175,28): error TS7015: Element implicitly has an 'any' type because index expression is not of type 'number'.
src/components/PlaningScheduling/add/page.tsx(1181,25): error TS2339: Property 'some' does not exist on type '{}'.
src/components/PlaningScheduling/add/page.tsx(1182,10): error TS7006: Parameter 'assignedOperator' implicitly has an 'any' type.
src/components/PlaningScheduling/add/page.tsx(1192,45): error TS7006: Parameter 'index' implicitly has an 'any' type.
src/components/PlaningScheduling/add/page.tsx(1192,52): error TS7006: Parameter 'opId' implicitly has an 'any' type.
src/components/PlaningScheduling/add/page.tsx(1197,37): error TS7015: Element implicitly has an 'any' type because index expression is not of type 'number'.
src/components/PlaningScheduling/add/page.tsx(1408,58): error TS7006: Parameter 'row' implicitly has an 'any' type.
src/components/PlaningScheduling/add/page.tsx(1408,63): error TS7006: Parameter 'rowIndex' implicitly has an 'any' type.
src/components/PlaningScheduling/add/page.tsx(1414,54): error TS7006: Parameter 'seat' implicitly has an 'any' type.
src/components/PlaningScheduling/add/page.tsx(1414,60): error TS7006: Parameter 'seatIndex' implicitly has an 'any' type.
src/components/PlaningScheduling/add/page.tsx(1583,40): error TS7006: Parameter 'row' implicitly has an 'any' type.
src/components/PlaningScheduling/add/page.tsx(1583,45): error TS7006: Parameter 'rowIndex' implicitly has an 'any' type.
src/components/PlaningScheduling/add/page.tsx(1590,36): error TS7006: Parameter 'seat' implicitly has an 'any' type.
src/components/PlaningScheduling/add/page.tsx(1590,42): error TS7006: Parameter 'seatIndex' implicitly has an 'any' type.
src/components/PlaningScheduling/edit/DraggableGridItem.tsx(3,10): error TS2305: Module '"react-dnd"' has no exported member 'useDrag'.
src/components/PlaningScheduling/edit/DraggableGridItem.tsx(3,19): error TS2305: Module '"react-dnd"' has no exported member 'useDrop'.
src/components/PlaningScheduling/edit/DraggableGridItem.tsx(9,3): error TS7031: Binding element 'item' implicitly has an 'any' type.
src/components/PlaningScheduling/edit/DraggableGridItem.tsx(10,3): error TS7031: Binding element 'rowIndex' implicitly has an 'any' type.
src/components/PlaningScheduling/edit/DraggableGridItem.tsx(11,3): error TS7031: Binding element 'seatIndex' implicitly has an 'any' type.
src/components/PlaningScheduling/edit/DraggableGridItem.tsx(12,3): error TS7031: Binding element 'handleDrop' implicitly has an 'any' type.
src/components/PlaningScheduling/edit/DraggableGridItem.tsx(13,3): error TS7031: Binding element 'handleDragOver' implicitly has an 'any' type.
src/components/PlaningScheduling/edit/DraggableGridItem.tsx(14,3): error TS7031: Binding element 'handleRemoveStage' implicitly has an 'any' type.
src/components/PlaningScheduling/edit/DraggableGridItem.tsx(15,3): error TS7031: Binding element 'assignedStages' implicitly has an 'any' type.
src/components/PlaningScheduling/edit/DraggableGridItem.tsx(16,3): error TS7031: Binding element 'coordinates' implicitly has an 'any' type.
src/components/PlaningScheduling/edit/DraggableGridItem.tsx(17,3): error TS7031: Binding element 'moveItem' implicitly has an 'any' type.
src/components/PlaningScheduling/edit/DraggableGridItem.tsx(18,3): error TS7031: Binding element 'operators' implicitly has an 'any' type.
src/components/PlaningScheduling/edit/DraggableGridItem.tsx(19,3): error TS7031: Binding element 'assignedOperators' implicitly has an 'any' type.
src/components/PlaningScheduling/edit/DraggableGridItem.tsx(20,3): error TS7031: Binding element 'setAssignedOperators' implicitly has an 'any' type.
src/components/PlaningScheduling/edit/DraggableGridItem.tsx(21,3): error TS7031: Binding element 'filteredOperators' implicitly has an 'any' type.
src/components/PlaningScheduling/edit/DraggableGridItem.tsx(22,3): error TS7031: Binding element 'setFilteredOperators' implicitly has an 'any' type.
src/components/PlaningScheduling/edit/DraggableGridItem.tsx(23,3): error TS7031: Binding element 'rowSeatLength' implicitly has an 'any' type.
src/components/PlaningScheduling/edit/DraggableGridItem.tsx(24,3): error TS7031: Binding element 'setAssignedJigs' implicitly has an 'any' type.
src/components/PlaningScheduling/edit/DraggableGridItem.tsx(25,3): error TS7031: Binding element 'assignedJigs' implicitly has an 'any' type.
src/components/PlaningScheduling/edit/DraggableGridItem.tsx(26,3): error TS7031: Binding element 'jigCategories' implicitly has an 'any' type.
src/components/PlaningScheduling/edit/DraggableGridItem.tsx(27,3): error TS7031: Binding element 'handlePlaningSubmit' implicitly has an 'any' type.
src/components/PlaningScheduling/edit/DraggableGridItem.tsx(36,40): error TS7006: Parameter 'stage' implicitly has an 'any' type.
src/components/PlaningScheduling/edit/DraggableGridItem.tsx(42,50): error TS2339: Property '_id' does not exist on type '{}'.
src/components/PlaningScheduling/edit/DraggableGridItem.tsx(43,26): error TS18046: 'operator' is of type 'unknown'.
src/components/PlaningScheduling/edit/DraggableGridItem.tsx(45,51): error TS7006: Parameter 'operator' implicitly has an 'any' type.
src/components/PlaningScheduling/edit/DraggableGridItem.tsx(46,53): error TS7006: Parameter 'skill' implicitly has an 'any' type.
src/components/PlaningScheduling/edit/DraggableGridItem.tsx(50,50): error TS7006: Parameter 'skill' implicitly has an 'any' type.
src/components/PlaningScheduling/edit/DraggableGridItem.tsx(53,39): error TS7006: Parameter 'stage' implicitly has an 'any' type.
src/components/PlaningScheduling/edit/DraggableGridItem.tsx(74,15): error TS7006: Parameter 'monitor' implicitly has an 'any' type.
src/components/PlaningScheduling/edit/DraggableGridItem.tsx(97,27): error TS7006: Parameter 'rowIndex' implicitly has an 'any' type.
src/components/PlaningScheduling/edit/DraggableGridItem.tsx(97,37): error TS7006: Parameter 'seatIndex' implicitly has an 'any' type.
src/components/PlaningScheduling/edit/DraggableGridItem.tsx(97,48): error TS7006: Parameter 'event' implicitly has an 'any' type.
src/components/PlaningScheduling/edit/DraggableGridItem.tsx(98,38): error TS7006: Parameter 'val' implicitly has an 'any' type.
src/components/PlaningScheduling/edit/DraggableGridItem.tsx(108,22): error TS7006: Parameter 'rowIndex' implicitly has an 'any' type.
src/components/PlaningScheduling/edit/DraggableGridItem.tsx(108,32): error TS7006: Parameter 'seatIndex' implicitly has an 'any' type.
src/components/PlaningScheduling/edit/DraggableGridItem.tsx(108,43): error TS7006: Parameter 'event' implicitly has an 'any' type.
src/components/PlaningScheduling/edit/DraggableGridItem.tsx(109,40): error TS2339: Property '_id' does not exist on type 'never'.
src/components/PlaningScheduling/edit/DraggableGridItem.tsx(119,39): error TS7006: Parameter 'rowIndex' implicitly has an 'any' type.
src/components/PlaningScheduling/edit/DraggableGridItem.tsx(119,49): error TS7006: Parameter 'seatIndex' implicitly has an 'any' type.
src/components/PlaningScheduling/edit/DraggableGridItem.tsx(119,60): error TS7006: Parameter 'operatorid' implicitly has an 'any' type.
src/components/PlaningScheduling/edit/DraggableGridItem.tsx(123,29): error TS7006: Parameter 'prevAssignedOperators' implicitly has an 'any' type.
src/components/PlaningScheduling/edit/DraggableGridItem.tsx(137,34): error TS7006: Parameter 'rowIndex' implicitly has an 'any' type.
src/components/PlaningScheduling/edit/DraggableGridItem.tsx(137,44): error TS7006: Parameter 'seatIndex' implicitly has an 'any' type.
src/components/PlaningScheduling/edit/DraggableGridItem.tsx(137,55): error TS7006: Parameter 'index' implicitly has an 'any' type.
src/components/PlaningScheduling/edit/DraggableGridItem.tsx(137,62): error TS7006: Parameter 'jigId' implicitly has an 'any' type.
src/components/PlaningScheduling/edit/DraggableGridItem.tsx(144,26): error TS7006: Parameter 'prevAssignedJigs' implicitly has an 'any' type.
src/components/PlaningScheduling/edit/DraggableGridItem.tsx(148,16): error TS7006: Parameter '_' implicitly has an 'any' type.
src/components/PlaningScheduling/edit/DraggableGridItem.tsx(148,19): error TS7006: Parameter 'i' implicitly has an 'any' type.
src/components/PlaningScheduling/edit/DraggableGridItem.tsx(383,42): error TS7006: Parameter 'operator' implicitly has an 'any' type.
src/components/PlaningScheduling/edit/DraggableGridItem.tsx(383,52): error TS7006: Parameter 'index' implicitly has an 'any' type.
src/components/PlaningScheduling/edit/DraggableGridItem.tsx(432,38): error TS7006: Parameter 'category' implicitly has an 'any' type.
src/components/PlaningScheduling/edit/DraggableGridItem.tsx(432,48): error TS7006: Parameter 'index' implicitly has an 'any' type.
src/components/PlaningScheduling/edit/DraggableGridItem.tsx(463,33): error TS2339: Property '_id' does not exist on type 'never'.
src/components/PlaningScheduling/edit/DraggableGridItem.tsx(464,59): error TS2339: Property 'name' does not exist on type 'never'.
src/components/PlaningScheduling/edit/DraggableGridItem.tsx(466,27): error TS2339: Property 'name' does not exist on type 'never'.
src/components/PlaningScheduling/edit/DraggableGridItem.tsx(467,50): error TS2339: Property 'name' does not exist on type 'never'.
src/components/PlaningScheduling/edit/FormComponents.tsx(315,22): error TS2739: Type '{ seatAvailability: any[]; floorID: string; setStartDate: (date: any) => void; formatDate: string; onDateChange: (selectedDate: any) => void; }' is missing the following properties from type '{ seatAvailability: any; floorID: any; setStartDate: any; formatDate: any; onDateChange: any; selectedShift: any; holidays: any; }': selectedShift, holidays
src/components/PlaningScheduling/edit/index.tsx(31,10): error TS2305: Module '"react-dnd"' has no exported member 'DndProvider'.
src/components/PlaningScheduling/edit/index.tsx(103,11): error TS2345: Argument of type 'string | undefined' is not assignable to parameter of type 'SetStateAction<string>'.
  Type 'undefined' is not assignable to type 'SetStateAction<string>'.
src/components/PlaningScheduling/edit/index.tsx(142,38): error TS7006: Parameter 'stage' implicitly has an 'any' type.
src/components/PlaningScheduling/edit/index.tsx(144,20): error TS7006: Parameter 'value' implicitly has an 'any' type.
src/components/PlaningScheduling/edit/index.tsx(145,21): error TS7006: Parameter 'value' implicitly has an 'any' type.
src/components/PlaningScheduling/edit/index.tsx(216,23): error TS2407: The right-hand side of a 'for...in' statement must be of type 'any', an object type or a type parameter, but here has type 'false | Record<string, any[]>'.
src/components/PlaningScheduling/edit/index.tsx(217,9): error TS7053: Element implicitly has an 'any' type because expression of type 'string' can't be used to index type 'false | Record<string, any[]>'.
  No index signature with a parameter of type 'string' was found on type 'false | Record<string, any[]>'.
src/components/PlaningScheduling/edit/index.tsx(217,38): error TS7006: Parameter 'stage' implicitly has an 'any' type.
src/components/PlaningScheduling/edit/index.tsx(219,11): error TS7053: Element implicitly has an 'any' type because expression of type 'any' can't be used to index type '{}'.
src/components/PlaningScheduling/edit/index.tsx(220,14): error TS7053: Element implicitly has an 'any' type because expression of type 'any' can't be used to index type '{}'.
src/components/PlaningScheduling/edit/index.tsx(260,35): error TS7006: Parameter 'prev' implicitly has an 'any' type.
src/components/PlaningScheduling/edit/index.tsx(265,30): error TS7006: Parameter 'prev' implicitly has an 'any' type.
src/components/PlaningScheduling/edit/index.tsx(319,24): error TS7006: Parameter 'prev' implicitly has an 'any' type.
src/components/PlaningScheduling/edit/index.tsx(324,12): error TS7006: Parameter '_' implicitly has an 'any' type.
src/components/PlaningScheduling/edit/index.tsx(324,15): error TS7006: Parameter 'index' implicitly has an 'any' type.
src/components/PlaningScheduling/edit/index.tsx(351,11): error TS7053: Element implicitly has an 'any' type because expression of type 'string' can't be used to index type '{}'.
  No index signature with a parameter of type 'string' was found on type '{}'.
src/components/PlaningScheduling/edit/index.tsx(352,11): error TS7053: Element implicitly has an 'any' type because expression of type 'string' can't be used to index type '{}'.
  No index signature with a parameter of type 'string' was found on type '{}'.
src/components/PlaningScheduling/edit/index.tsx(361,9): error TS7053: Element implicitly has an 'any' type because expression of type 'string' can't be used to index type '{}'.
  No index signature with a parameter of type 'string' was found on type '{}'.
src/components/PlaningScheduling/edit/index.tsx(362,9): error TS7053: Element implicitly has an 'any' type because expression of type 'string' can't be used to index type '{}'.
  No index signature with a parameter of type 'string' was found on type '{}'.
src/components/PlaningScheduling/edit/index.tsx(369,33): error TS2802: Type 'Set<string>' can only be iterated through when using the '--downlevelIteration' flag or with a '--target' of 'es2015' or higher.
src/components/PlaningScheduling/edit/index.tsx(370,9): error TS7053: Element implicitly has an 'any' type because expression of type 'any' can't be used to index type '{}'.
src/components/PlaningScheduling/edit/index.tsx(371,9): error TS7053: Element implicitly has an 'any' type because expression of type 'any' can't be used to index type '{}'.
src/components/PlaningScheduling/edit/index.tsx(387,36): error TS7006: Parameter 'selected' implicitly has an 'any' type.
src/components/PlaningScheduling/edit/index.tsx(394,38): error TS2362: The left-hand side of an arithmetic operation must be of type 'any', 'number', 'bigint' or an enum type.
src/components/PlaningScheduling/edit/index.tsx(394,48): error TS2363: The right-hand side of an arithmetic operation must be of type 'any', 'number', 'bigint' or an enum type.
src/components/PlaningScheduling/edit/index.tsx(403,13): error TS7006: Parameter 'event' implicitly has an 'any' type.
src/components/PlaningScheduling/edit/index.tsx(419,26): error TS7006: Parameter 'prev' implicitly has an 'any' type.
src/components/PlaningScheduling/edit/index.tsx(435,16): error TS7006: Parameter 'stage' implicitly has an 'any' type.
src/components/PlaningScheduling/edit/index.tsx(447,12): error TS7006: Parameter 'stage' implicitly has an 'any' type.
src/components/PlaningScheduling/edit/index.tsx(457,39): error TS7006: Parameter 'updatedStages' implicitly has an 'any' type.
src/components/PlaningScheduling/edit/index.tsx(457,54): error TS7006: Parameter 'rowIndex' implicitly has an 'any' type.
src/components/PlaningScheduling/edit/index.tsx(457,64): error TS7006: Parameter 'seatIndex' implicitly has an 'any' type.
src/components/PlaningScheduling/edit/index.tsx(464,35): error TS7006: Parameter 'stageName' implicitly has an 'any' type.
src/components/PlaningScheduling/edit/index.tsx(466,9): error TS7053: Element implicitly has an 'any' type because expression of type 'any' can't be used to index type '{}'.
src/components/PlaningScheduling/edit/index.tsx(467,12): error TS7053: Element implicitly has an 'any' type because expression of type 'any' can't be used to index type '{}'.
src/components/PlaningScheduling/edit/index.tsx(474,12): error TS7006: Parameter 's' implicitly has an 'any' type.
src/components/PlaningScheduling/edit/index.tsx(476,43): error TS2538: Type 'unknown' cannot be used as an index type.
src/components/PlaningScheduling/edit/index.tsx(480,18): error TS18046: 'sum' is of type 'unknown'.
src/components/PlaningScheduling/edit/index.tsx(489,10): error TS7006: Parameter 'stage' implicitly has an 'any' type.
src/components/PlaningScheduling/edit/index.tsx(490,38): error TS7053: Element implicitly has an 'any' type because expression of type 'any' can't be used to index type '{}'.
src/components/PlaningScheduling/edit/index.tsx(504,27): error TS7006: Parameter 'event' implicitly has an 'any' type.
src/components/PlaningScheduling/edit/index.tsx(536,13): error TS7053: Element implicitly has an 'any' type because expression of type 'string' can't be used to index type '{}'.
  No index signature with a parameter of type 'string' was found on type '{}'.
src/components/PlaningScheduling/edit/index.tsx(549,12): error TS7006: Parameter 'step' implicitly has an 'any' type.
src/components/PlaningScheduling/edit/index.tsx(553,55): error TS2339: Property 'issuedKits' does not exist on type '{}'.
src/components/PlaningScheduling/edit/index.tsx(554,43): error TS2339: Property 'issuedKits' does not exist on type '{}'.
src/components/PlaningScheduling/edit/index.tsx(588,62): error TS7006: Parameter 'stage' implicitly has an 'any' type.
src/components/PlaningScheduling/edit/index.tsx(611,7): error TS2345: Argument of type '{}' is not assignable to parameter of type 'never[]'.
  Type '{}' is missing the following properties from type 'never[]': length, pop, push, concat, and 35 more.
src/components/PlaningScheduling/edit/index.tsx(617,21): error TS2407: The right-hand side of a 'for...in' statement must be of type 'any', an object type or a type parameter, but here has type 'false | Record<string, any[]>'.
src/components/PlaningScheduling/edit/index.tsx(618,7): error TS7053: Element implicitly has an 'any' type because expression of type 'string' can't be used to index type 'false | Record<string, any[]>'.
  No index signature with a parameter of type 'string' was found on type 'false | Record<string, any[]>'.
src/components/PlaningScheduling/edit/index.tsx(620,9): error TS7053: Element implicitly has an 'any' type because expression of type 'any' can't be used to index type '{}'.
src/components/PlaningScheduling/edit/index.tsx(621,12): error TS7053: Element implicitly has an 'any' type because expression of type 'any' can't be used to index type '{}'.
src/components/PlaningScheduling/edit/index.tsx(666,43): error TS2339: Property 'stepName' does not exist on type 'never'.
src/components/PlaningScheduling/edit/index.tsx(672,21): error TS7006: Parameter 'fromCoordinates' implicitly has an 'any' type.
src/components/PlaningScheduling/edit/index.tsx(672,38): error TS7006: Parameter 'toCoordinates' implicitly has an 'any' type.
src/components/PlaningScheduling/edit/index.tsx(673,24): error TS7006: Parameter 'prevStages' implicitly has an 'any' type.
src/components/PlaningScheduling/edit/index.tsx(741,38): error TS2345: Argument of type 'string | null' is not assignable to parameter of type 'string'.
  Type 'null' is not assignable to type 'string'.
src/components/PlaningScheduling/edit/index.tsx(747,13): error TS18046: 'value' is of type 'unknown'.
src/components/PlaningScheduling/edit/index.tsx(749,18): error TS7006: Parameter 'item' implicitly has an 'any' type.
src/components/PlaningScheduling/edit/index.tsx(751,21): error TS7006: Parameter 'item' implicitly has an 'any' type.
src/components/PlaningScheduling/edit/index.tsx(761,11): error TS7053: Element implicitly has an 'any' type because expression of type 'string' can't be used to index type '{}'.
  No index signature with a parameter of type 'string' was found on type '{}'.
src/components/PlaningScheduling/edit/index.tsx(767,11): error TS7053: Element implicitly has an 'any' type because expression of type 'string' can't be used to index type '{}'.
  No index signature with a parameter of type 'string' was found on type '{}'.
src/components/PlaningScheduling/edit/index.tsx(778,11): error TS7053: Element implicitly has an 'any' type because expression of type 'string' can't be used to index type '{}'.
  No index signature with a parameter of type 'string' was found on type '{}'.
src/components/PlaningScheduling/edit/index.tsx(792,11): error TS7053: Element implicitly has an 'any' type because expression of type 'string' can't be used to index type '{}'.
  No index signature with a parameter of type 'string' was found on type '{}'.
src/components/PlaningScheduling/edit/index.tsx(798,42): error TS2339: Property 'length' does not exist on type '{}'.
src/components/PlaningScheduling/edit/index.tsx(814,38): error TS2769: No overload matches this call.
  Overload 1 of 3, '(name: string, value: string | Blob): void', gave the following error.
    Argument of type 'number' is not assignable to parameter of type 'string | Blob'.
  Overload 2 of 3, '(name: string, value: string): void', gave the following error.
    Argument of type 'number' is not assignable to parameter of type 'string'.
  Overload 3 of 3, '(name: string, blobValue: Blob, filename?: string | undefined): void', gave the following error.
    Argument of type 'number' is not assignable to parameter of type 'Blob'.
src/components/PlaningScheduling/edit/index.tsx(824,13): error TS7034: Variable 'commonStages' implicitly has type 'any[]' in some locations where its type cannot be determined.
src/components/PlaningScheduling/edit/index.tsx(825,53): error TS7006: Parameter 'val' implicitly has an 'any' type.
src/components/PlaningScheduling/edit/index.tsx(825,58): error TS7006: Parameter 'index' implicitly has an 'any' type.
src/components/PlaningScheduling/edit/index.tsx(834,64): error TS7005: Variable 'commonStages' implicitly has an 'any[]' type.
src/components/PlaningScheduling/edit/index.tsx(850,36): error TS2769: No overload matches this call.
  Overload 1 of 3, '(name: string, value: string | Blob): void', gave the following error.
    Argument of type 'number' is not assignable to parameter of type 'string | Blob'.
  Overload 2 of 3, '(name: string, value: string): void', gave the following error.
    Argument of type 'number' is not assignable to parameter of type 'string'.
  Overload 3 of 3, '(name: string, blobValue: Blob, filename?: string | undefined): void', gave the following error.
    Argument of type 'number' is not assignable to parameter of type 'Blob'.
src/components/PlaningScheduling/edit/index.tsx(857,63): error TS7015: Element implicitly has an 'any' type because index expression is not of type 'number'.
src/components/PlaningScheduling/edit/index.tsx(890,18): error TS7053: Element implicitly has an 'any' type because expression of type 'string' can't be used to index type '{}'.
  No index signature with a parameter of type 'string' was found on type '{}'.
src/components/PlaningScheduling/edit/index.tsx(898,17): error TS7053: Element implicitly has an 'any' type because expression of type 'string' can't be used to index type '{}'.
  No index signature with a parameter of type 'string' was found on type '{}'.
src/components/PlaningScheduling/edit/index.tsx(933,45): error TS7053: Element implicitly has an 'any' type because expression of type 'string' can't be used to index type '{}'.
  No index signature with a parameter of type 'string' was found on type '{}'.
src/components/PlaningScheduling/edit/index.tsx(958,18): error TS7053: Element implicitly has an 'any' type because expression of type 'string' can't be used to index type '{}'.
  No index signature with a parameter of type 'string' was found on type '{}'.
src/components/PlaningScheduling/edit/index.tsx(995,71): error TS2339: Property 'downTimeFrom' does not exist on type '{}'.
src/components/PlaningScheduling/edit/index.tsx(995,106): error TS2339: Property 'downTimeTo' does not exist on type '{}'.
src/components/PlaningScheduling/edit/index.tsx(995,137): error TS2339: Property 'downTimeDesc' does not exist on type '{}'.
src/components/PlaningScheduling/edit/index.tsx(1048,28): error TS2339: Property 'downTimeFrom' does not exist on type '{}'.
src/components/PlaningScheduling/edit/index.tsx(1049,26): error TS2339: Property 'downTimeTo' does not exist on type '{}'.
src/components/PlaningScheduling/edit/index.tsx(1050,35): error TS2339: Property 'downTimeDesc' does not exist on type '{}'.
src/components/PlaningScheduling/edit/index.tsx(1051,36): error TS2339: Property 'downTimeType' does not exist on type '{}'.
src/components/PlaningScheduling/edit/index.tsx(1057,23): error TS2304: Cannot find name 'result'.
src/components/PlaningScheduling/edit/index.tsx(1078,34): error TS7006: Parameter 'stage' implicitly has an 'any' type.
src/components/PlaningScheduling/edit/index.tsx(1078,41): error TS7006: Parameter 'index' implicitly has an 'any' type.
src/components/PlaningScheduling/edit/index.tsx(1084,40): error TS2322: Type 'unknown' is not assignable to type 'boolean'.
src/components/PlaningScheduling/edit/index.tsx(1084,56): error TS2339: Property '_id' does not exist on type '{}'.
src/components/PlaningScheduling/edit/index.tsx(1089,53): error TS7006: Parameter 'skill' implicitly has an 'any' type.
src/components/PlaningScheduling/edit/index.tsx(1103,25): error TS2339: Property 'some' does not exist on type '{}'.
src/components/PlaningScheduling/edit/index.tsx(1104,10): error TS7006: Parameter 'assignedOperator' implicitly has an 'any' type.
src/components/PlaningScheduling/edit/index.tsx(1108,27): error TS7006: Parameter 'event' implicitly has an 'any' type.
src/components/PlaningScheduling/edit/index.tsx(1113,31): error TS7015: Element implicitly has an 'any' type because index expression is not of type 'number'.
src/components/PlaningScheduling/edit/index.tsx(1114,28): error TS7015: Element implicitly has an 'any' type because index expression is not of type 'number'.
src/components/PlaningScheduling/edit/index.tsx(1116,48): error TS7015: Element implicitly has an 'any' type because index expression is not of type 'number'.
src/components/PlaningScheduling/edit/index.tsx(1117,8): error TS7006: Parameter 'op' implicitly has an 'any' type.
src/components/PlaningScheduling/edit/index.tsx(1120,28): error TS7015: Element implicitly has an 'any' type because index expression is not of type 'number'.
src/components/PlaningScheduling/edit/index.tsx(1127,45): error TS7006: Parameter 'index' implicitly has an 'any' type.
src/components/PlaningScheduling/edit/index.tsx(1127,52): error TS7006: Parameter 'opId' implicitly has an 'any' type.
src/components/PlaningScheduling/edit/index.tsx(1136,37): error TS7015: Element implicitly has an 'any' type because index expression is not of type 'number'.
src/components/PlaningScheduling/edit/index.tsx(1167,62): error TS2339: Property 'downTimeFrom' does not exist on type '{}'.
src/components/PlaningScheduling/edit/index.tsx(1168,60): error TS2339: Property 'downTimeTo' does not exist on type '{}'.
src/components/PlaningScheduling/edit/index.tsx(1178,47): error TS2339: Property 'downTimeFrom' does not exist on type '{}'.
src/components/PlaningScheduling/edit/index.tsx(1179,35): error TS2339: Property 'downTimeTo' does not exist on type '{}'.
src/components/PlaningScheduling/edit/index.tsx(1180,35): error TS2339: Property 'downTimeDesc' does not exist on type '{}'.
src/components/PlaningScheduling/edit/index.tsx(1481,44): error TS2339: Property 'stageName' does not exist on type 'never'.
src/components/PlaningScheduling/edit/index.tsx(1512,56): error TS7006: Parameter 'row' implicitly has an 'any' type.
src/components/PlaningScheduling/edit/index.tsx(1512,61): error TS7006: Parameter 'rowIndex' implicitly has an 'any' type.
src/components/PlaningScheduling/edit/index.tsx(1518,52): error TS7006: Parameter 'seat' implicitly has an 'any' type.
src/components/PlaningScheduling/edit/index.tsx(1518,58): error TS7006: Parameter 'seatIndex' implicitly has an 'any' type.
src/components/PlaningScheduling/edit/index.tsx(1564,94): error TS2339: Property 'stageName' does not exist on type 'never'.
src/components/PlaningScheduling/edit/index.tsx(1686,40): error TS7006: Parameter 'row' implicitly has an 'any' type.
src/components/PlaningScheduling/edit/index.tsx(1686,45): error TS7006: Parameter 'rowIndex' implicitly has an 'any' type.
src/components/PlaningScheduling/edit/index.tsx(1693,36): error TS7006: Parameter 'seat' implicitly has an 'any' type.
src/components/PlaningScheduling/edit/index.tsx(1693,42): error TS7006: Parameter 'seatIndex' implicitly has an 'any' type.
src/components/PlaningScheduling/logs/index.tsx(27,15): error TS2345: Argument of type 'string | undefined' is not assignable to parameter of type 'string'.
  Type 'undefined' is not assignable to type 'string'.
src/components/PlaningScheduling/logs/index.tsx(28,18): error TS2345: Argument of type 'string | undefined' is not assignable to parameter of type 'string'.
  Type 'undefined' is not assignable to type 'string'.
src/components/PlaningScheduling/logs/index.tsx(153,17): error TS2322: Type '({ name: string; selector: (row: any) => Element; sortable: boolean; grow: number; } | { name: string; selector: (row: any) => any; sortable: boolean; grow?: undefined; })[]' is not assignable to type 'TableColumn<any>[]'.
  Type '{ name: string; selector: (row: any) => Element; sortable: boolean; grow: number; } | { name: string; selector: (row: any) => any; sortable: boolean; grow?: undefined; }' is not assignable to type 'TableColumn<any>'.
    Type '{ name: string; selector: (row: any) => React.JSX.Element; sortable: boolean; grow: number; }' is not assignable to type 'TableColumn<any>'.
      The types returned by 'selector(...)' are incompatible between these types.
        Type 'Element' is not assignable to type 'Primitive'.
src/components/PlaningScheduling/view/index.tsx(57,57): error TS2339: Property '_id' does not exist on type 'never'.
src/components/PlaningScheduling/view/index.tsx(58,13): error TS2304: Cannot find name 'deleteMultiplePlaning'.
src/components/PlaningScheduling/view/index.tsx(73,23): error TS2749: 'planingData' refers to a value, but is being used as a type here. Did you mean 'typeof planingData'?
src/components/PlaningScheduling/view/index.tsx(78,23): error TS2749: 'planingData' refers to a value, but is being used as a type here. Did you mean 'typeof planingData'?
src/components/PlaningScheduling/view/index.tsx(83,23): error TS2749: 'planingData' refers to a value, but is being used as a type here. Did you mean 'typeof planingData'?
src/components/PlaningScheduling/view/index.tsx(89,19): error TS2304: Cannot find name 'Inventory'.
src/components/PlaningScheduling/view/index.tsx(129,44): error TS7053: Element implicitly has an 'any' type because expression of type 'any' can't be used to index type '{ waiting_schedule: { label: string; backgroundColor: string; }; Waiting_Kits_allocation: { label: string; backgroundColor: string; }; Waiting_Kits_approval: { label: string; backgroundColor: string; }; ... 5 more ...; default: { ...; }; }'.
src/components/PlaningScheduling/view/index.tsx(149,19): error TS2749: 'planingData' refers to a value, but is being used as a type here. Did you mean 'typeof planingData'?
src/components/PlaningScheduling/view/index.tsx(250,15): error TS2322: Type '({ name: string; selector: (row: planingData, index: number) => number; sortable: boolean; cell?: undefined; } | { name: string; selector: (row: planingData) => any; sortable: boolean; cell?: undefined; } | { name: string; sortable: boolean; cell: (row: Inventory) => Element; selector?: undefined; } | { ...; })[]' is not assignable to type 'TableColumn<Inventory>[]'.
  Type '{ name: string; selector: (row: planingData, index: number) => number; sortable: boolean; cell?: undefined; } | { name: string; selector: (row: planingData) => any; sortable: boolean; cell?: undefined; } | { name: string; sortable: boolean; cell: (row: Inventory) => Element; selector?: undefined; } | { ...; }' is not assignable to type 'TableColumn<Inventory>'.
    Type '{ name: string; selector: (row: planingData, index: number) => number; sortable: boolean; cell?: undefined; }' is not assignable to type 'TableColumn<Inventory>'.
      Types of property 'selector' are incompatible.
        Type '(row: planingData, index: number) => number' is not assignable to type 'Selector<Inventory>'.
          Types of parameters 'index' and 'rowIndex' are incompatible.
            Type 'number | undefined' is not assignable to type 'number'.
              Type 'undefined' is not assignable to type 'number'.
src/components/PlaningScheduling/viewPlaning/index.tsx(39,10): error TS2305: Module '"react-dnd"' has no exported member 'DndProvider'.
src/components/PlaningScheduling/viewPlaning/index.tsx(39,23): error TS2305: Module '"react-dnd"' has no exported member 'useDrag'.
src/components/PlaningScheduling/viewPlaning/index.tsx(39,32): error TS2305: Module '"react-dnd"' has no exported member 'useDrop'.
src/components/PlaningScheduling/viewPlaning/index.tsx(100,40): error TS7006: Parameter 'stage' implicitly has an 'any' type.
src/components/PlaningScheduling/viewPlaning/index.tsx(103,51): error TS7006: Parameter 'operator' implicitly has an 'any' type.
src/components/PlaningScheduling/viewPlaning/index.tsx(104,53): error TS7006: Parameter 'skill' implicitly has an 'any' type.
src/components/PlaningScheduling/viewPlaning/index.tsx(107,50): error TS7006: Parameter 'skill' implicitly has an 'any' type.
src/components/PlaningScheduling/viewPlaning/index.tsx(118,15): error TS7006: Parameter 'monitor' implicitly has an 'any' type.
src/components/PlaningScheduling/viewPlaning/index.tsx(125,12): error TS7006: Parameter 'draggedItem' implicitly has an 'any' type.
src/components/PlaningScheduling/viewPlaning/index.tsx(362,19): error TS7053: Element implicitly has an 'any' type because expression of type 'string' can't be used to index type '{}'.
  No index signature with a parameter of type 'string' was found on type '{}'.
src/components/PlaningScheduling/viewPlaning/index.tsx(370,26): error TS2339: Property 'quantity' does not exist on type 'never'.
src/components/PlaningScheduling/viewPlaning/index.tsx(412,36): error TS2345: Argument of type 'number' is not assignable to parameter of type 'string'.
src/components/PlaningScheduling/viewPlaning/index.tsx(415,46): error TS2367: This comparison appears to be unintentional because the types 'number' and 'string' have no overlap.
src/components/PlaningScheduling/viewPlaning/index.tsx(425,26): error TS2345: Argument of type 'number' is not assignable to parameter of type 'string'.
src/components/PlaningScheduling/viewPlaning/index.tsx(430,42): error TS2339: Property 'Pass' does not exist on type 'never'.
src/components/PlaningScheduling/viewPlaning/index.tsx(434,42): error TS2339: Property 'NG' does not exist on type 'never'.
src/components/PlaningScheduling/viewPlaning/index.tsx(438,17): error TS2339: Property 'status' does not exist on type 'never'.
src/components/PlaningScheduling/viewPlaning/index.tsx(446,29): error TS2339: Property 'selectedProduct' does not exist on type 'never'.
src/components/PlaningScheduling/viewPlaning/index.tsx(446,66): error TS2339: Property '_id' does not exist on type 'never'.
src/components/PlaningScheduling/viewPlaning/index.tsx(450,65): error TS2339: Property 'selectedProduct' does not exist on type 'never'.
src/components/PlaningScheduling/viewPlaning/index.tsx(454,92): error TS2339: Property '_id' does not exist on type 'never'.
src/components/PlaningScheduling/viewPlaning/index.tsx(475,72): error TS2339: Property 'processID' does not exist on type 'never'.
src/components/PlaningScheduling/viewPlaning/index.tsx(490,11): error TS2345: Argument of type 'string | undefined' is not assignable to parameter of type 'SetStateAction<string>'.
src/components/PlaningScheduling/viewPlaning/index.tsx(527,43): error TS2339: Property '_id' does not exist on type 'never'.
src/components/PlaningScheduling/viewPlaning/index.tsx(555,43): error TS2339: Property '_id' does not exist on type 'never'.
src/components/PlaningScheduling/viewPlaning/index.tsx(570,14): error TS7053: Element implicitly has an 'any' type because expression of type 'string' can't be used to index type '{}'.
  No index signature with a parameter of type 'string' was found on type '{}'.
src/components/PlaningScheduling/viewPlaning/index.tsx(572,35): error TS2339: Property 'stages' does not exist on type 'never'.
src/components/PlaningScheduling/viewPlaning/index.tsx(575,19): error TS2365: Operator '<' cannot be applied to types 'number' and 'string'.
src/components/PlaningScheduling/viewPlaning/index.tsx(600,38): error TS7006: Parameter 'stage' implicitly has an 'any' type.
src/components/PlaningScheduling/viewPlaning/index.tsx(602,20): error TS7006: Parameter 'value' implicitly has an 'any' type.
src/components/PlaningScheduling/viewPlaning/index.tsx(603,21): error TS7006: Parameter 'value' implicitly has an 'any' type.
src/components/PlaningScheduling/viewPlaning/index.tsx(604,30): error TS2345: Argument of type '(prev: never[]) => any[]' is not assignable to parameter of type 'SetStateAction<never[]>'.
  Type '(prev: never[]) => any[]' is not assignable to type '(prevState: never[]) => never[]'.
    Type 'any[]' is not assignable to type 'never[]'.
      Type 'any' is not assignable to type 'never'.
src/components/PlaningScheduling/viewPlaning/index.tsx(614,31): error TS7006: Parameter 'start' implicitly has an 'any' type.
src/components/PlaningScheduling/viewPlaning/index.tsx(614,38): error TS7006: Parameter 'end' implicitly has an 'any' type.
src/components/PlaningScheduling/viewPlaning/index.tsx(629,19): error TS7006: Parameter 'timeStr' implicitly has an 'any' type.
src/components/PlaningScheduling/viewPlaning/index.tsx(638,25): error TS7006: Parameter 'date' implicitly has an 'any' type.
src/components/PlaningScheduling/viewPlaning/index.tsx(639,34): error TS7006: Parameter 'startTime' implicitly has an 'any' type.
src/components/PlaningScheduling/viewPlaning/index.tsx(639,45): error TS7006: Parameter 'endTime' implicitly has an 'any' type.
src/components/PlaningScheduling/viewPlaning/index.tsx(639,54): error TS7006: Parameter 'breakMinutes' implicitly has an 'any' type.
src/components/PlaningScheduling/viewPlaning/index.tsx(642,24): error TS7006: Parameter 'timeStr' implicitly has an 'any' type.
src/components/PlaningScheduling/viewPlaning/index.tsx(668,10): error TS7006: Parameter 'value' implicitly has an 'any' type.
src/components/PlaningScheduling/viewPlaning/index.tsx(685,66): error TS7006: Parameter 'p' implicitly has an 'any' type.
src/components/PlaningScheduling/viewPlaning/index.tsx(698,10): error TS7006: Parameter 'value' implicitly has an 'any' type.
src/components/PlaningScheduling/viewPlaning/index.tsx(702,10): error TS7006: Parameter 'value' implicitly has an 'any' type.
src/components/PlaningScheduling/viewPlaning/index.tsx(725,44): error TS7006: Parameter 'stage' implicitly has an 'any' type.
src/components/PlaningScheduling/viewPlaning/index.tsx(734,47): error TS7006: Parameter 'acc' implicitly has an 'any' type.
src/components/PlaningScheduling/viewPlaning/index.tsx(734,52): error TS7006: Parameter 'stage' implicitly has an 'any' type.
src/components/PlaningScheduling/viewPlaning/index.tsx(739,13): error TS7034: Variable 'intervals' implicitly has type 'any[]' in some locations where its type cannot be determined.
src/components/PlaningScheduling/viewPlaning/index.tsx(740,29): error TS7006: Parameter 'interval' implicitly has an 'any' type.
src/components/PlaningScheduling/viewPlaning/index.tsx(761,25): error TS7005: Variable 'intervals' implicitly has an 'any[]' type.
src/components/PlaningScheduling/viewPlaning/index.tsx(764,35): error TS7006: Parameter 'stage' implicitly has an 'any' type.
src/components/PlaningScheduling/viewPlaning/index.tsx(775,26): error TS7005: Variable 'intervals' implicitly has an 'any[]' type.
src/components/PlaningScheduling/viewPlaning/index.tsx(776,26): error TS7005: Variable 'intervals' implicitly has an 'any[]' type.
src/components/PlaningScheduling/viewPlaning/index.tsx(790,31): error TS7006: Parameter 'record' implicitly has an 'any' type.
src/components/PlaningScheduling/viewPlaning/index.tsx(800,29): error TS7005: Variable 'intervals' implicitly has an 'any[]' type.
src/components/PlaningScheduling/viewPlaning/index.tsx(832,29): error TS2345: Argument of type '{ hour: string; stage: any; Pass: any; NG: any; status: string; isBreak: any; }[]' is not assignable to parameter of type 'SetStateAction<never[]>'.
  Type '{ hour: string; stage: any; Pass: any; NG: any; status: string; isBreak: any; }[]' is not assignable to type 'never[]'.
    Type '{ hour: string; stage: any; Pass: any; NG: any; status: string; isBreak: any; }' is not assignable to type 'never'.
src/components/PlaningScheduling/viewPlaning/index.tsx(836,37): error TS7006: Parameter 'stage' implicitly has an 'any' type.
src/components/PlaningScheduling/viewPlaning/index.tsx(836,44): error TS7006: Parameter 'i' implicitly has an 'any' type.
src/components/PlaningScheduling/viewPlaning/index.tsx(851,40): error TS7006: Parameter 'val' implicitly has an 'any' type.
src/components/PlaningScheduling/viewPlaning/index.tsx(857,24): error TS2345: Argument of type '{ hour: string; values: any; }' is not assignable to parameter of type '{ hour: string; isBreak: any; values: any; status: string; }'.
  Type '{ hour: string; values: any; }' is missing the following properties from type '{ hour: string; isBreak: any; values: any; status: string; }': isBreak, status
src/components/PlaningScheduling/viewPlaning/index.tsx(858,24): error TS2345: Argument of type '{ hour: string; values: any; }' is not assignable to parameter of type '{ hour: string; isBreak: any; values: any; status: string; }'.
  Type '{ hour: string; values: any; }' is missing the following properties from type '{ hour: string; isBreak: any; values: any; status: string; }': isBreak, status
src/components/PlaningScheduling/viewPlaning/index.tsx(860,22): error TS2345: Argument of type '{ hour: string; isBreak: any; values: any; status: string; }[]' is not assignable to parameter of type 'SetStateAction<never[]>'.
  Type '{ hour: string; isBreak: any; values: any; status: string; }[]' is not assignable to type 'never[]'.
    Type '{ hour: string; isBreak: any; values: any; status: string; }' is not assignable to type 'never'.
src/components/PlaningScheduling/viewPlaning/index.tsx(917,38): error TS7006: Parameter 'stage' implicitly has an 'any' type.
src/components/PlaningScheduling/viewPlaning/index.tsx(919,11): error TS7053: Element implicitly has an 'any' type because expression of type 'any' can't be used to index type '{}'.
src/components/PlaningScheduling/viewPlaning/index.tsx(920,14): error TS7053: Element implicitly has an 'any' type because expression of type 'any' can't be used to index type '{}'.
src/components/PlaningScheduling/viewPlaning/index.tsx(975,47): error TS7006: Parameter 'stage' implicitly has an 'any' type.
src/components/PlaningScheduling/viewPlaning/index.tsx(998,10): error TS7006: Parameter 'user' implicitly has an 'any' type.
src/components/PlaningScheduling/viewPlaning/index.tsx(1033,11): error TS7053: Element implicitly has an 'any' type because expression of type 'string' can't be used to index type '{}'.
  No index signature with a parameter of type 'string' was found on type '{}'.
src/components/PlaningScheduling/viewPlaning/index.tsx(1034,9): error TS7053: Element implicitly has an 'any' type because expression of type 'string' can't be used to index type '{}'.
  No index signature with a parameter of type 'string' was found on type '{}'.
src/components/PlaningScheduling/viewPlaning/index.tsx(1034,37): error TS7053: Element implicitly has an 'any' type because expression of type 'string' can't be used to index type '{}'.
  No index signature with a parameter of type 'string' was found on type '{}'.
src/components/PlaningScheduling/viewPlaning/index.tsx(1035,12): error TS7006: Parameter '_' implicitly has an 'any' type.
src/components/PlaningScheduling/viewPlaning/index.tsx(1035,15): error TS7006: Parameter 'index' implicitly has an 'any' type.
src/components/PlaningScheduling/viewPlaning/index.tsx(1037,13): error TS7053: Element implicitly has an 'any' type because expression of type 'string' can't be used to index type '{}'.
  No index signature with a parameter of type 'string' was found on type '{}'.
src/components/PlaningScheduling/viewPlaning/index.tsx(1038,18): error TS7053: Element implicitly has an 'any' type because expression of type 'string' can't be used to index type '{}'.
  No index signature with a parameter of type 'string' was found on type '{}'.
src/components/PlaningScheduling/viewPlaning/index.tsx(1039,36): error TS7015: Element implicitly has an 'any' type because index expression is not of type 'number'.
src/components/PlaningScheduling/viewPlaning/index.tsx(1044,20): error TS7053: Element implicitly has an 'any' type because expression of type 'string' can't be used to index type '{}'.
  No index signature with a parameter of type 'string' was found on type '{}'.
src/components/PlaningScheduling/viewPlaning/index.tsx(1062,11): error TS7053: Element implicitly has an 'any' type because expression of type 'string' can't be used to index type '{}'.
  No index signature with a parameter of type 'string' was found on type '{}'.
src/components/PlaningScheduling/viewPlaning/index.tsx(1062,36): error TS7053: Element implicitly has an 'any' type because expression of type 'string' can't be used to index type '{}'.
  No index signature with a parameter of type 'string' was found on type '{}'.
src/components/PlaningScheduling/viewPlaning/index.tsx(1063,11): error TS7053: Element implicitly has an 'any' type because expression of type 'string' can't be used to index type '{}'.
  No index signature with a parameter of type 'string' was found on type '{}'.
src/components/PlaningScheduling/viewPlaning/index.tsx(1063,57): error TS7015: Element implicitly has an 'any' type because index expression is not of type 'number'.
src/components/PlaningScheduling/viewPlaning/index.tsx(1072,9): error TS7053: Element implicitly has an 'any' type because expression of type 'string' can't be used to index type '{}'.
  No index signature with a parameter of type 'string' was found on type '{}'.
src/components/PlaningScheduling/viewPlaning/index.tsx(1072,29): error TS7053: Element implicitly has an 'any' type because expression of type 'string' can't be used to index type '{}'.
  No index signature with a parameter of type 'string' was found on type '{}'.
src/components/PlaningScheduling/viewPlaning/index.tsx(1073,9): error TS7053: Element implicitly has an 'any' type because expression of type 'string' can't be used to index type '{}'.
  No index signature with a parameter of type 'string' was found on type '{}'.
src/components/PlaningScheduling/viewPlaning/index.tsx(1073,50): error TS7015: Element implicitly has an 'any' type because index expression is not of type 'number'.
src/components/PlaningScheduling/viewPlaning/index.tsx(1080,33): error TS2802: Type 'Set<string>' can only be iterated through when using the '--downlevelIteration' flag or with a '--target' of 'es2015' or higher.
src/components/PlaningScheduling/viewPlaning/index.tsx(1081,9): error TS7053: Element implicitly has an 'any' type because expression of type 'any' can't be used to index type '{}'.
src/components/PlaningScheduling/viewPlaning/index.tsx(1081,34): error TS7053: Element implicitly has an 'any' type because expression of type 'any' can't be used to index type '{}'.
src/components/PlaningScheduling/viewPlaning/index.tsx(1082,9): error TS7053: Element implicitly has an 'any' type because expression of type 'any' can't be used to index type '{}'.
src/components/PlaningScheduling/viewPlaning/index.tsx(1085,28): error TS2345: Argument of type '{}' is not assignable to parameter of type 'SetStateAction<never[]>'.
src/components/PlaningScheduling/viewPlaning/index.tsx(1099,36): error TS7006: Parameter 'selected' implicitly has an 'any' type.
src/components/PlaningScheduling/viewPlaning/index.tsx(1106,38): error TS2362: The left-hand side of an arithmetic operation must be of type 'any', 'number', 'bigint' or an enum type.
src/components/PlaningScheduling/viewPlaning/index.tsx(1106,48): error TS2363: The right-hand side of an arithmetic operation must be of type 'any', 'number', 'bigint' or an enum type.
src/components/PlaningScheduling/viewPlaning/index.tsx(1115,13): error TS7006: Parameter 'event' implicitly has an 'any' type.
src/components/PlaningScheduling/viewPlaning/index.tsx(1119,29): error TS7015: Element implicitly has an 'any' type because index expression is not of type 'number'.
src/components/PlaningScheduling/viewPlaning/index.tsx(1120,40): error TS7015: Element implicitly has an 'any' type because index expression is not of type 'number'.
src/components/PlaningScheduling/viewPlaning/index.tsx(1134,13): error TS7053: Element implicitly has an 'any' type because expression of type 'string' can't be used to index type '{}'.
  No index signature with a parameter of type 'string' was found on type '{}'.
src/components/PlaningScheduling/viewPlaning/index.tsx(1137,32): error TS7053: Element implicitly has an 'any' type because expression of type 'string' can't be used to index type '{}'.
  No index signature with a parameter of type 'string' was found on type '{}'.
src/components/PlaningScheduling/viewPlaning/index.tsx(1146,13): error TS7053: Element implicitly has an 'any' type because expression of type 'string' can't be used to index type '{}'.
  No index signature with a parameter of type 'string' was found on type '{}'.
src/components/PlaningScheduling/viewPlaning/index.tsx(1147,16): error TS7006: Parameter 'stage' implicitly has an 'any' type.
src/components/PlaningScheduling/viewPlaning/index.tsx(1155,14): error TS7053: Element implicitly has an 'any' type because expression of type 'string' can't be used to index type '{}'.
  No index signature with a parameter of type 'string' was found on type '{}'.
src/components/PlaningScheduling/viewPlaning/index.tsx(1156,11): error TS7053: Element implicitly has an 'any' type because expression of type 'string' can't be used to index type '{}'.
  No index signature with a parameter of type 'string' was found on type '{}'.
src/components/PlaningScheduling/viewPlaning/index.tsx(1158,29): error TS7053: Element implicitly has an 'any' type because expression of type 'string' can't be used to index type '{}'.
  No index signature with a parameter of type 'string' was found on type '{}'.
src/components/PlaningScheduling/viewPlaning/index.tsx(1159,12): error TS7006: Parameter 'stage' implicitly has an 'any' type.
src/components/PlaningScheduling/viewPlaning/index.tsx(1162,11): error TS7053: Element implicitly has an 'any' type because expression of type 'string' can't be used to index type '{}'.
  No index signature with a parameter of type 'string' was found on type '{}'.
src/components/PlaningScheduling/viewPlaning/index.tsx(1169,39): error TS7006: Parameter 'updatedStages' implicitly has an 'any' type.
src/components/PlaningScheduling/viewPlaning/index.tsx(1169,54): error TS7006: Parameter 'rowIndex' implicitly has an 'any' type.
src/components/PlaningScheduling/viewPlaning/index.tsx(1169,64): error TS7006: Parameter 'seatIndex' implicitly has an 'any' type.
src/components/PlaningScheduling/viewPlaning/index.tsx(1170,51): error TS2339: Property 'quantity' does not exist on type 'never'.
src/components/PlaningScheduling/viewPlaning/index.tsx(1171,20): error TS18047: 'selectedProduct' is possibly 'null'.
src/components/PlaningScheduling/viewPlaning/index.tsx(1176,35): error TS7006: Parameter 'stageName' implicitly has an 'any' type.
src/components/PlaningScheduling/viewPlaning/index.tsx(1178,9): error TS7053: Element implicitly has an 'any' type because expression of type 'any' can't be used to index type '{}'.
src/components/PlaningScheduling/viewPlaning/index.tsx(1179,12): error TS7053: Element implicitly has an 'any' type because expression of type 'any' can't be used to index type '{}'.
src/components/PlaningScheduling/viewPlaning/index.tsx(1186,12): error TS7006: Parameter 's' implicitly has an 'any' type.
src/components/PlaningScheduling/viewPlaning/index.tsx(1188,43): error TS2538: Type 'unknown' cannot be used as an index type.
src/components/PlaningScheduling/viewPlaning/index.tsx(1191,18): error TS18046: 'sum' is of type 'unknown'.
src/components/PlaningScheduling/viewPlaning/index.tsx(1199,10): error TS7006: Parameter 'stage' implicitly has an 'any' type.
src/components/PlaningScheduling/viewPlaning/index.tsx(1200,38): error TS7053: Element implicitly has an 'any' type because expression of type 'any' can't be used to index type '{}'.
src/components/PlaningScheduling/viewPlaning/index.tsx(1203,38): error TS2339: Property 'breakTime' does not exist on type 'never'.
src/components/PlaningScheduling/viewPlaning/index.tsx(1214,27): error TS7006: Parameter 'event' implicitly has an 'any' type.
src/components/PlaningScheduling/viewPlaning/index.tsx(1230,28): error TS2339: Property 'stageName' does not exist on type 'never'.
src/components/PlaningScheduling/viewPlaning/index.tsx(1231,18): error TS2339: Property 'status' does not exist on type 'never'.
src/components/PlaningScheduling/viewPlaning/index.tsx(1232,9): error TS7053: Element implicitly has an 'any' type because expression of type 'any' can't be used to index type '{}'.
src/components/PlaningScheduling/viewPlaning/index.tsx(1232,23): error TS7053: Element implicitly has an 'any' type because expression of type 'any' can't be used to index type '{}'.
src/components/PlaningScheduling/viewPlaning/index.tsx(1238,28): error TS2339: Property 'stageName' does not exist on type 'never'.
src/components/PlaningScheduling/viewPlaning/index.tsx(1240,17): error TS2339: Property 'status' does not exist on type 'never'.
src/components/PlaningScheduling/viewPlaning/index.tsx(1240,43): error TS2339: Property 'status' does not exist on type 'never'.
src/components/PlaningScheduling/viewPlaning/index.tsx(1241,9): error TS7053: Element implicitly has an 'any' type because expression of type 'any' can't be used to index type '{}'.
src/components/PlaningScheduling/viewPlaning/index.tsx(1241,31): error TS2339: Property 'seatNumber' does not exist on type 'never'.
src/components/PlaningScheduling/viewPlaning/index.tsx(1243,9): error TS7053: Element implicitly has an 'any' type because expression of type 'any' can't be used to index type '{}'.
src/components/PlaningScheduling/viewPlaning/index.tsx(1243,23): error TS7053: Element implicitly has an 'any' type because expression of type 'any' can't be used to index type '{}'.
src/components/PlaningScheduling/viewPlaning/index.tsx(1250,29): error TS2339: Property 'seatNumber' does not exist on type 'never'.
src/components/PlaningScheduling/viewPlaning/index.tsx(1250,50): error TS2339: Property 'stageName' does not exist on type 'never'.
src/components/PlaningScheduling/viewPlaning/index.tsx(1251,12): error TS7053: Element implicitly has an 'any' type because expression of type 'string' can't be used to index type '{}'.
  No index signature with a parameter of type 'string' was found on type '{}'.
src/components/PlaningScheduling/viewPlaning/index.tsx(1252,9): error TS7053: Element implicitly has an 'any' type because expression of type 'string' can't be used to index type '{}'.
  No index signature with a parameter of type 'string' was found on type '{}'.
src/components/PlaningScheduling/viewPlaning/index.tsx(1254,18): error TS2339: Property 'status' does not exist on type 'never'.
src/components/PlaningScheduling/viewPlaning/index.tsx(1254,37): error TS7053: Element implicitly has an 'any' type because expression of type 'string' can't be used to index type '{}'.
  No index signature with a parameter of type 'string' was found on type '{}'.
src/components/PlaningScheduling/viewPlaning/index.tsx(1255,23): error TS2339: Property 'status' does not exist on type 'never'.
src/components/PlaningScheduling/viewPlaning/index.tsx(1255,49): error TS2339: Property 'status' does not exist on type 'never'.
src/components/PlaningScheduling/viewPlaning/index.tsx(1256,9): error TS7053: Element implicitly has an 'any' type because expression of type 'string' can't be used to index type '{}'.
  No index signature with a parameter of type 'string' was found on type '{}'.
src/components/PlaningScheduling/viewPlaning/index.tsx(1259,37): error TS2339: Property 'stages' does not exist on type '{}'.
src/components/PlaningScheduling/viewPlaning/index.tsx(1278,13): error TS7053: Element implicitly has an 'any' type because expression of type 'string' can't be used to index type '{}'.
  No index signature with a parameter of type 'string' was found on type '{}'.
src/components/PlaningScheduling/viewPlaning/index.tsx(1282,44): error TS2339: Property 'name' does not exist on type '{}'.
src/components/PlaningScheduling/viewPlaning/index.tsx(1283,36): error TS2339: Property 'processID' does not exist on type '{}'.
src/components/PlaningScheduling/viewPlaning/index.tsx(1311,25): error TS7053: Element implicitly has an 'any' type because expression of type 'string' can't be used to index type '{}'.
  No index signature with a parameter of type 'string' was found on type '{}'.
src/components/PlaningScheduling/viewPlaning/index.tsx(1315,32): error TS7053: Element implicitly has an 'any' type because expression of type 'string' can't be used to index type '{}'.
  No index signature with a parameter of type 'string' was found on type '{}'.
src/components/PlaningScheduling/viewPlaning/index.tsx(1316,28): error TS7053: Element implicitly has an 'any' type because expression of type 'string' can't be used to index type '{}'.
  No index signature with a parameter of type 'string' was found on type '{}'.
src/components/PlaningScheduling/viewPlaning/index.tsx(1399,43): error TS2339: Property 'stepName' does not exist on type 'never'.
src/components/PlaningScheduling/viewPlaning/index.tsx(1403,21): error TS7006: Parameter 'fromCoordinates' implicitly has an 'any' type.
src/components/PlaningScheduling/viewPlaning/index.tsx(1403,38): error TS7006: Parameter 'toCoordinates' implicitly has an 'any' type.
src/components/PlaningScheduling/viewPlaning/index.tsx(1407,11): error TS7053: Element implicitly has an 'any' type because expression of type 'any' can't be used to index type '{}'.
src/components/PlaningScheduling/viewPlaning/index.tsx(1410,11): error TS7053: Element implicitly has an 'any' type because expression of type 'any' can't be used to index type '{}'.
src/components/PlaningScheduling/viewPlaning/index.tsx(1413,23): error TS7053: Element implicitly has an 'any' type because expression of type 'any' can't be used to index type '{}'.
src/components/PlaningScheduling/viewPlaning/index.tsx(1416,16): error TS7053: Element implicitly has an 'any' type because expression of type 'any' can't be used to index type '{}'.
src/components/PlaningScheduling/viewPlaning/index.tsx(1420,29): error TS18047: 'selectedRoom' is possibly 'null'.
src/components/PlaningScheduling/viewPlaning/index.tsx(1421,25): error TS18047: 'selectedRoom' is possibly 'null'.
src/components/PlaningScheduling/viewPlaning/index.tsx(1424,15): error TS7053: Element implicitly has an 'any' type because expression of type 'any' can't be used to index type '{}'.
src/components/PlaningScheduling/viewPlaning/index.tsx(1433,29): error TS7053: Element implicitly has an 'any' type because expression of type 'any' can't be used to index type '{}'.
src/components/PlaningScheduling/viewPlaning/index.tsx(1435,11): error TS7053: Element implicitly has an 'any' type because expression of type 'any' can't be used to index type '{}'.
src/components/PlaningScheduling/viewPlaning/index.tsx(1454,20): error TS7053: Element implicitly has an 'any' type because expression of type 'string' can't be used to index type '{}'.
  No index signature with a parameter of type 'string' was found on type '{}'.
src/components/PlaningScheduling/viewPlaning/index.tsx(1454,60): error TS7015: Element implicitly has an 'any' type because index expression is not of type 'number'.
src/components/PlaningScheduling/viewPlaning/index.tsx(1455,17): error TS7053: Element implicitly has an 'any' type because expression of type 'string' can't be used to index type '{}'.
  No index signature with a parameter of type 'string' was found on type '{}'.
src/components/PlaningScheduling/viewPlaning/index.tsx(1456,34): error TS7015: Element implicitly has an 'any' type because index expression is not of type 'number'.
src/components/PlaningScheduling/viewPlaning/index.tsx(1467,24): error TS7006: Parameter 'rowIndex' implicitly has an 'any' type.
src/components/PlaningScheduling/viewPlaning/index.tsx(1467,34): error TS7006: Parameter 'seatIndex' implicitly has an 'any' type.
src/components/PlaningScheduling/viewPlaning/index.tsx(1467,45): error TS7006: Parameter 'seat' implicitly has an 'any' type.
src/components/PlaningScheduling/viewPlaning/index.tsx(1469,17): error TS7053: Element implicitly has an 'any' type because expression of type 'string' can't be used to index type '{}'.
  No index signature with a parameter of type 'string' was found on type '{}'.
src/components/PlaningScheduling/viewPlaning/index.tsx(1478,26): error TS2339: Property 'quantity' does not exist on type 'never'.
src/components/PlaningScheduling/viewPlaning/index.tsx(1489,32): error TS2339: Property 'quantity' does not exist on type 'never'.
src/components/PlaningScheduling/viewPlaning/index.tsx(1500,35): error TS7006: Parameter 'st' implicitly has an 'any' type.
src/components/PlaningScheduling/viewPlaning/index.tsx(1501,38): error TS7015: Element implicitly has an 'any' type because index expression is not of type 'number'.
src/components/PlaningScheduling/viewPlaning/index.tsx(1502,15): error TS7006: Parameter 'op' implicitly has an 'any' type.
src/components/PlaningScheduling/viewPlaning/index.tsx(1516,23): error TS7006: Parameter 'key' implicitly has an 'any' type.
src/components/PlaningScheduling/viewPlaning/index.tsx(1520,32): error TS2339: Property 'lines' does not exist on type 'never'.
src/components/PlaningScheduling/viewPlaning/index.tsx(1526,25): error TS2339: Property '_id' does not exist on type 'never'.
src/components/PlaningScheduling/viewPlaning/index.tsx(1526,43): error TS2339: Property 'selectedProcess' does not exist on type 'never[]'.
src/components/PlaningScheduling/viewPlaning/index.tsx(1530,16): error TS2339: Property 'selectedProcess' does not exist on type 'never[]'.
src/components/PlaningScheduling/viewPlaning/index.tsx(1534,24): error TS2339: Property 'selectedProduct' does not exist on type 'never'.
src/components/PlaningScheduling/viewPlaning/index.tsx(1535,57): error TS2339: Property 'selectedProduct' does not exist on type 'never'.
src/components/PlaningScheduling/viewPlaning/index.tsx(1539,42): error TS7006: Parameter 'stage' implicitly has an 'any' type.
src/components/PlaningScheduling/viewPlaning/index.tsx(1543,16): error TS2339: Property 'startTime' does not exist on type 'never[]'.
src/components/PlaningScheduling/viewPlaning/index.tsx(1544,16): error TS2339: Property 'endTime' does not exist on type 'never[]'.
src/components/PlaningScheduling/viewPlaning/index.tsx(1545,16): error TS2339: Property 'totalBreakTime' does not exist on type 'never[]'.
src/components/PlaningScheduling/viewPlaning/index.tsx(1549,45): error TS7006: Parameter 'acc' implicitly has an 'any' type.
src/components/PlaningScheduling/viewPlaning/index.tsx(1549,50): error TS7006: Parameter 'stage' implicitly has an 'any' type.
src/components/PlaningScheduling/viewPlaning/index.tsx(1554,41): error TS2339: Property 'intervals' does not exist on type 'never'.
src/components/PlaningScheduling/viewPlaning/index.tsx(1555,11): error TS7034: Variable 'intervals' implicitly has type 'any[]' in some locations where its type cannot be determined.
src/components/PlaningScheduling/viewPlaning/index.tsx(1556,27): error TS7006: Parameter 'interval' implicitly has an 'any' type.
src/components/PlaningScheduling/viewPlaning/index.tsx(1577,23): error TS7005: Variable 'intervals' implicitly has an 'any[]' type.
src/components/PlaningScheduling/viewPlaning/index.tsx(1580,33): error TS7006: Parameter 'stage' implicitly has an 'any' type.
src/components/PlaningScheduling/viewPlaning/index.tsx(1594,24): error TS7005: Variable 'intervals' implicitly has an 'any[]' type.
src/components/PlaningScheduling/viewPlaning/index.tsx(1595,24): error TS7005: Variable 'intervals' implicitly has an 'any[]' type.
src/components/PlaningScheduling/viewPlaning/index.tsx(1612,26): error TS7006: Parameter 'record' implicitly has an 'any' type.
src/components/PlaningScheduling/viewPlaning/index.tsx(1623,25): error TS7005: Variable 'intervals' implicitly has an 'any[]' type.
src/components/PlaningScheduling/viewPlaning/index.tsx(1655,25): error TS2345: Argument of type '{ hour: string; stage: any; Pass: any; NG: any; status: string; isBreak: any; }[]' is not assignable to parameter of type 'SetStateAction<never[]>'.
  Type '{ hour: string; stage: any; Pass: any; NG: any; status: string; isBreak: any; }[]' is not assignable to type 'never[]'.
    Type '{ hour: string; stage: any; Pass: any; NG: any; status: string; isBreak: any; }' is not assignable to type 'never'.
src/components/PlaningScheduling/viewPlaning/index.tsx(1659,33): error TS7006: Parameter 'stage' implicitly has an 'any' type.
src/components/PlaningScheduling/viewPlaning/index.tsx(1659,40): error TS7006: Parameter 'i' implicitly has an 'any' type.
src/components/PlaningScheduling/viewPlaning/index.tsx(1673,36): error TS7006: Parameter 'val' implicitly has an 'any' type.
src/components/PlaningScheduling/viewPlaning/index.tsx(1679,20): error TS2345: Argument of type '{ hour: string; values: any; }' is not assignable to parameter of type '{ hour: string; isBreak: any; values: any; status: string; }'.
  Type '{ hour: string; values: any; }' is missing the following properties from type '{ hour: string; isBreak: any; values: any; status: string; }': isBreak, status
src/components/PlaningScheduling/viewPlaning/index.tsx(1680,20): error TS2345: Argument of type '{ hour: string; values: any; }' is not assignable to parameter of type '{ hour: string; isBreak: any; values: any; status: string; }'.
  Type '{ hour: string; values: any; }' is missing the following properties from type '{ hour: string; isBreak: any; values: any; status: string; }': isBreak, status
src/components/PlaningScheduling/viewPlaning/index.tsx(1681,20): error TS2345: Argument of type '{ hour: string; isBreak: any; values: any; status: string; }[]' is not assignable to parameter of type 'SetStateAction<never[]>'.
  Type '{ hour: string; isBreak: any; values: any; status: string; }[]' is not assignable to type 'never[]'.
    Type '{ hour: string; isBreak: any; values: any; status: string; }' is not assignable to type 'never'.
src/components/PlaningScheduling/viewPlaning/index.tsx(1687,52): error TS2339: Property 'product' does not exist on type 'never'.
src/components/PlaningScheduling/viewPlaning/index.tsx(1687,85): error TS2339: Property '_id' does not exist on type 'never'.
src/components/PlaningScheduling/viewPlaning/index.tsx(1736,32): error TS2339: Property 'processStatus' does not exist on type 'never[]'.
src/components/PlaningScheduling/viewPlaning/index.tsx(1749,39): error TS2339: Property 'status' does not exist on type 'never'.
src/components/PlaningScheduling/viewPlaning/index.tsx(1751,36): error TS2339: Property 'processStatus' does not exist on type 'never[]'.
src/components/PlaningScheduling/viewPlaning/index.tsx(1832,53): error TS2339: Property 'name' does not exist on type 'never'.
src/components/PlaningScheduling/viewPlaning/index.tsx(1833,53): error TS2339: Property 'name' does not exist on type 'never'.
src/components/PlaningScheduling/viewPlaning/index.tsx(1833,77): error TS2339: Property 'startTime' does not exist on type 'never'.
src/components/PlaningScheduling/viewPlaning/index.tsx(1833,107): error TS2339: Property 'endTime' does not exist on type 'never'.
src/components/PlaningScheduling/viewPlaning/index.tsx(1837,71): error TS2339: Property 'totalBreakTime' does not exist on type 'never'.
src/components/PlaningScheduling/viewPlaning/index.tsx(1843,49): error TS2339: Property 'orderConfirmationNo' does not exist on type 'never'.
src/components/PlaningScheduling/viewPlaning/index.tsx(1848,49): error TS2339: Property 'processID' does not exist on type 'never'.
src/components/PlaningScheduling/viewPlaning/index.tsx(1852,71): error TS2339: Property 'quantity' does not exist on type 'never'.
src/components/PlaningScheduling/viewPlaning/index.tsx(1857,59): error TS2339: Property 'weekDays' does not exist on type 'never'.
src/components/PlaningScheduling/viewPlaning/index.tsx(1859,72): error TS2339: Property 'weekDays' does not exist on type 'never'.
src/components/PlaningScheduling/viewPlaning/index.tsx(1866,49): error TS2339: Property 'descripition' does not exist on type 'never'.
src/components/PlaningScheduling/viewPlaning/index.tsx(1879,78): error TS2339: Property 'quantity' does not exist on type 'never'.
src/components/PlaningScheduling/viewPlaning/index.tsx(1882,77): error TS2339: Property 'quantity' does not exist on type '{}'.
src/components/PlaningScheduling/viewPlaning/index.tsx(1908,50): error TS2339: Property 'quantity' does not exist on type '{}'.
src/components/PlaningScheduling/viewPlaning/index.tsx(1916,44): error TS2339: Property 'packagingData' does not exist on type 'never'.
src/components/PlaningScheduling/viewPlaning/index.tsx(1926,54): error TS2339: Property 'quantity' does not exist on type 'never'.
src/components/PlaningScheduling/viewPlaning/index.tsx(1927,54): error TS2339: Property 'packagingData' does not exist on type 'never'.
src/components/PlaningScheduling/viewPlaning/index.tsx(1932,53): error TS2339: Property 'issuedCartons' does not exist on type 'never'.
src/components/PlaningScheduling/viewPlaning/index.tsx(1939,39): error TS2345: Argument of type 'string' is not assignable to parameter of type 'number'.
src/components/PlaningScheduling/viewPlaning/index.tsx(1940,58): error TS2339: Property 'quantity' does not exist on type 'never'.
src/components/PlaningScheduling/viewPlaning/index.tsx(1941,58): error TS2339: Property 'packagingData' does not exist on type 'never'.
src/components/PlaningScheduling/viewPlaning/index.tsx(1942,58): error TS2339: Property 'issuedCartons' does not exist on type 'never'.
src/components/PlaningScheduling/viewPlaning/index.tsx(1952,39): error TS2345: Argument of type 'string' is not assignable to parameter of type 'number'.
src/components/PlaningScheduling/viewPlaning/index.tsx(1953,58): error TS2339: Property 'issuedCartons' does not exist on type 'never'.
src/components/PlaningScheduling/viewPlaning/index.tsx(1954,58): error TS2339: Property 'quantity' does not exist on type 'never'.
src/components/PlaningScheduling/viewPlaning/index.tsx(1955,58): error TS2339: Property 'packagingData' does not exist on type 'never'.
src/components/PlaningScheduling/viewPlaning/index.tsx(1962,53): error TS2339: Property 'packagingData' does not exist on type 'never'.
src/components/PlaningScheduling/viewPlaning/index.tsx(1963,53): error TS2339: Property 'packagingData' does not exist on type 'never'.
src/components/PlaningScheduling/viewPlaning/index.tsx(1975,45): error TS2339: Property 'intervals' does not exist on type 'never'.
src/components/PlaningScheduling/viewPlaning/index.tsx(1975,61): error TS7006: Parameter 'interval' implicitly has an 'any' type.
src/components/PlaningScheduling/viewPlaning/index.tsx(1975,71): error TS7006: Parameter 'i' implicitly has an 'any' type.
src/components/PlaningScheduling/viewPlaning/index.tsx(2012,50): error TS2339: Property 'totalBreakTime' does not exist on type 'never'.
src/components/PlaningScheduling/viewPlaning/index.tsx(2054,45): error TS2322: Type '({ selected }: { selected: any; }) => string' is not assignable to type 'string | string[] | { [name: string]: boolean; } | undefined'.
src/components/PlaningScheduling/viewPlaning/index.tsx(2054,49): error TS7031: Binding element 'selected' implicitly has an 'any' type.
src/components/PlaningScheduling/viewPlaning/index.tsx(2131,53): error TS2339: Property 'stage' does not exist on type 'never'.
src/components/PlaningScheduling/viewPlaning/index.tsx(2142,53): error TS2339: Property 'upha' does not exist on type 'never'.
src/components/PlaningScheduling/viewPlaning/index.tsx(2146,53): error TS2339: Property 'achievedUph' does not exist on type 'never'.
src/components/PlaningScheduling/viewPlaning/index.tsx(2149,70): error TS2339: Property 'wip' does not exist on type 'never'.
src/components/PlaningScheduling/viewPlaning/index.tsx(2153,53): error TS2339: Property 'pass' does not exist on type 'never'.
src/components/PlaningScheduling/viewPlaning/index.tsx(2156,71): error TS2339: Property 'ng' does not exist on type 'never'.
src/components/PlaningScheduling/viewPlaning/index.tsx(2165,79): error TS2339: Property 'map' does not exist on type 'never'.
src/components/PlaningScheduling/viewPlaning/index.tsx(2166,50): error TS7006: Parameter 'op' implicitly has an 'any' type.
src/components/PlaningScheduling/viewPlaning/index.tsx(2166,54): error TS7006: Parameter 'i' implicitly has an 'any' type.
src/components/PlaningScheduling/viewPlaning/index.tsx(2184,48): error TS2339: Property 'lines' does not exist on type 'never'.
src/components/PlaningScheduling/viewPlaning/index.tsx(2185,46): error TS7006: Parameter 'row' implicitly has an 'any' type.
src/components/PlaningScheduling/viewPlaning/index.tsx(2185,51): error TS7006: Parameter 'rowIndex' implicitly has an 'any' type.
src/components/PlaningScheduling/viewPlaning/index.tsx(2186,56): error TS7006: Parameter 'seat' implicitly has an 'any' type.
src/components/PlaningScheduling/viewPlaning/index.tsx(2186,62): error TS7006: Parameter 'seatIndex' implicitly has an 'any' type.
src/components/PlaningScheduling/viewPlaning/index.tsx(2190,43): error TS7006: Parameter 'row' implicitly has an 'any' type.
src/components/PlaningScheduling/viewPlaning/index.tsx(2190,48): error TS7006: Parameter 'rowIndex' implicitly has an 'any' type.
src/components/PlaningScheduling/viewPlaning/index.tsx(2197,55): error TS7006: Parameter 'seat' implicitly has an 'any' type.
src/components/PlaningScheduling/viewPlaning/index.tsx(2197,61): error TS7006: Parameter 'seatIndex' implicitly has an 'any' type.
src/components/PlaningScheduling/viewPlaning/index.tsx(2200,51): error TS7006: Parameter 'seat' implicitly has an 'any' type.
src/components/PlaningScheduling/viewPlaning/index.tsx(2200,57): error TS7006: Parameter 'seatIndex' implicitly has an 'any' type.
src/components/PlaningScheduling/viewPlaning/index.tsx(2241,53): error TS2339: Property 'commonStages' does not exist on type 'never'.
src/components/PlaningScheduling/viewPlaning/index.tsx(2242,38): error TS7006: Parameter 'stage' implicitly has an 'any' type.
src/components/PlaningScheduling/viewPlaning/index.tsx(2242,45): error TS7006: Parameter 'index' implicitly has an 'any' type.
src/components/PlaningScheduling/viewPlaning/index.tsx(2276,59): error TS2339: Property 'stages' does not exist on type 'never'.
src/components/PlaningScheduling/viewPlaning/index.tsx(2277,44): error TS7006: Parameter 'value' implicitly has an 'any' type.
src/components/PlaningScheduling/viewPlaning/index.tsx(2277,51): error TS7006: Parameter 'index' implicitly has an 'any' type.
src/components/PlaningScheduling/viewPlaning/index.tsx(2304,50): error TS7053: Element implicitly has an 'any' type because expression of type 'string' can't be used to index type '{}'.
  No index signature with a parameter of type 'string' was found on type '{}'.
src/components/PlaningScheduling/viewPlaning/index.tsx(2305,51): error TS7053: Element implicitly has an 'any' type because expression of type 'string' can't be used to index type '{}'.
  No index signature with a parameter of type 'string' was found on type '{}'.
src/components/PlaningScheduling/viewPlaning/index.tsx(2306,51): error TS7053: Element implicitly has an 'any' type because expression of type 'string' can't be used to index type '{}'.
  No index signature with a parameter of type 'string' was found on type '{}'.
src/components/PlaningScheduling/viewPlaning/index.tsx(2310,76): error TS2339: Property 'quantity' does not exist on type 'never'.
src/components/PlaningScheduling/viewPlaning/index.tsx(2320,51): error TS7053: Element implicitly has an 'any' type because expression of type 'string' can't be used to index type '{}'.
  No index signature with a parameter of type 'string' was found on type '{}'.
src/components/PlaningScheduling/viewPlaning/index.tsx(2325,78): error TS2339: Property 'quantity' does not exist on type 'never'.
src/components/PlaningScheduling/viewPlaning/index.tsx(2335,59): error TS7006: Parameter 'stage' implicitly has an 'any' type.
src/components/PlaningScheduling/viewPlaning/index.tsx(2335,66): error TS7006: Parameter 'stageIndex' implicitly has an 'any' type.
src/components/PlaningScheduling/viewPlaning/index.tsx(2361,80): error TS2339: Property 'quantity' does not exist on type 'never'.
src/components/PlaningScheduling/viewPlaning/index.tsx(2369,79): error TS2339: Property 'quantity' does not exist on type 'never'.
src/components/PlaningScheduling/viewPlaning/index.tsx(2423,49): error TS2339: Property 'processStatus' does not exist on type 'never[]'.
src/components/PlaningScheduling/viewPlaning/index.tsx(2425,37): error TS2339: Property 'processStatus' does not exist on type 'never[]'.
src/components/PlaningScheduling/viewPlaning/index.tsx(2446,30): error TS2339: Property 'processStatus' does not exist on type 'never[]'.
src/components/PlaningScheduling/viewPlaning/index.tsx(2456,44): error TS7006: Parameter 'stage' implicitly has an 'any' type.
src/components/PlaningScheduling/viewPlaning/index.tsx(2456,51): error TS7006: Parameter 'idx' implicitly has an 'any' type.
src/components/PlaningScheduling/viewPlaning/index.tsx(2466,39): error TS2339: Property 'status' does not exist on type 'never'.
src/components/PlaningScheduling/viewPlaning/index.tsx(2468,46): error TS2339: Property 'status' does not exist on type 'never'.
src/components/PlaningScheduling/viewPlaning/index.tsx(2470,46): error TS2339: Property 'status' does not exist on type 'never'.
src/components/PlaningScheduling/viewPlaning/index.tsx(2480,42): error TS2339: Property 'hour' does not exist on type 'never'.
src/components/PlaningScheduling/viewPlaning/index.tsx(2482,40): error TS2339: Property 'isBreak' does not exist on type 'never'.
src/components/PlaningScheduling/viewPlaning/index.tsx(2489,64): error TS2339: Property 'hour' does not exist on type 'never'.
src/components/PlaningScheduling/viewPlaning/index.tsx(2493,41): error TS2339: Property 'hour' does not exist on type 'never'.
src/components/PlaningScheduling/viewPlaning/index.tsx(2494,43): error TS2339: Property 'hour' does not exist on type 'never'.
src/components/PlaningScheduling/viewPlaning/index.tsx(2495,46): error TS2339: Property 'values' does not exist on type 'never'.
src/components/PlaningScheduling/viewPlaning/index.tsx(2495,59): error TS7006: Parameter 'val' implicitly has an 'any' type.
src/components/PlaningScheduling/viewPlaning/index.tsx(2495,64): error TS7006: Parameter 'i' implicitly has an 'any' type.
src/components/PlaningScheduling/viewPlaning/index.tsx(2509,117): error TS2339: Property 'status' does not exist on type 'never'.
src/components/PlaningScheduling/viewPlaning/index.tsx(2541,46): error TS2339: Property 'values' does not exist on type 'never'.
src/components/PlaningScheduling/viewPlaning/index.tsx(2541,59): error TS7006: Parameter 'val' implicitly has an 'any' type.
src/components/PlaningScheduling/viewPlaning/index.tsx(2541,64): error TS7006: Parameter 'i' implicitly has an 'any' type.
src/components/PlaningScheduling/viewPlaning/index.tsx(2579,39): error TS2339: Property 'status' does not exist on type 'never'.
src/components/PlaningScheduling/viewPlaning/index.tsx(2581,46): error TS2339: Property 'status' does not exist on type 'never'.
src/components/PlaningScheduling/viewPlaning/index.tsx(2583,46): error TS2339: Property 'status' does not exist on type 'never'.
src/components/PlaningScheduling/viewPlaning/index.tsx(2589,74): error TS2339: Property 'hour' does not exist on type 'never'.
src/components/PlaningScheduling/viewPlaning/index.tsx(2591,42): error TS2339: Property 'isBreak' does not exist on type 'never'.
src/components/PlaningScheduling/viewPlaning/index.tsx(2596,44): error TS2339: Property 'Pass' does not exist on type 'never'.
src/components/PlaningScheduling/viewPlaning/index.tsx(2596,56): error TS2339: Property 'NG' does not exist on type 'never'.
src/components/PlaningScheduling/viewPlaning/index.tsx(2614,30): error TS2339: Property 'processStatus' does not exist on type 'never[]'.
src/components/PlaningScheduling/viewScheduling/index.tsx(34,47): error TS18046: 'error' is of type 'unknown'.
src/components/PlaningScheduling/viewScheduling/index.tsx(60,57): error TS2339: Property '_id' does not exist on type 'never'.
src/components/PlaningScheduling/viewScheduling/index.tsx(61,13): error TS2304: Cannot find name 'deleteMultiplePlaning'.
src/components/PlaningScheduling/viewScheduling/index.tsx(73,33): error TS7006: Parameter 'date' implicitly has an 'any' type.
src/components/PlaningScheduling/viewScheduling/index.tsx(97,23): error TS2749: 'planingData' refers to a value, but is being used as a type here. Did you mean 'typeof planingData'?
src/components/PlaningScheduling/viewScheduling/index.tsx(102,23): error TS2749: 'planingData' refers to a value, but is being used as a type here. Did you mean 'typeof planingData'?
src/components/PlaningScheduling/viewScheduling/index.tsx(107,23): error TS2749: 'planingData' refers to a value, but is being used as a type here. Did you mean 'typeof planingData'?
src/components/PlaningScheduling/viewScheduling/index.tsx(113,23): error TS2749: 'planingData' refers to a value, but is being used as a type here. Did you mean 'typeof planingData'?
src/components/PlaningScheduling/viewScheduling/index.tsx(118,23): error TS2749: 'planingData' refers to a value, but is being used as a type here. Did you mean 'typeof planingData'?
src/components/PlaningScheduling/viewScheduling/index.tsx(123,23): error TS2749: 'planingData' refers to a value, but is being used as a type here. Did you mean 'typeof planingData'?
src/components/PlaningScheduling/viewScheduling/index.tsx(129,19): error TS2304: Cannot find name 'Inventory'.
src/components/PlaningScheduling/viewScheduling/index.tsx(170,11): error TS7053: Element implicitly has an 'any' type because expression of type 'any' can't be used to index type '{ waiting_schedule: { label: string; backgroundColor: string; }; Waiting_Kits_allocation: { label: string; backgroundColor: string; }; Waiting_Kits_approval: { label: string; backgroundColor: string; }; ... 5 more ...; default: { ...; }; }'.
src/components/Process/add/index.tsx(93,38): error TS2345: Argument of type 'string | null' is not assignable to parameter of type 'string'.
  Type 'null' is not assignable to type 'string'.
src/components/Process/add/index.tsx(122,57): error TS2339: Property 'message' does not exist on type '{}'.
src/components/Process/add/index.tsx(212,53): error TS2339: Property 'orderConfirmationNo' does not exist on type 'never'.
src/components/Process/add/index.tsx(213,29): error TS2339: Property 'orderConfirmationNo' does not exist on type 'never'.
src/components/Process/edit/index.tsx(87,38): error TS2345: Argument of type 'string | null' is not assignable to parameter of type 'string'.
  Type 'null' is not assignable to type 'string'.
src/components/Process/edit/index.tsx(96,13): error TS7034: Variable 'changes' implicitly has type 'any[]' in some locations where its type cannot be determined.
src/components/Process/edit/index.tsx(98,15): error TS7052: Element implicitly has an 'any' type because type 'FormData' has no index signature. Did you mean to call 'formData.get'?
src/components/Process/edit/index.tsx(100,68): error TS7052: Element implicitly has an 'any' type because type 'FormData' has no index signature. Did you mean to call 'formData.get'?
src/components/Process/edit/index.tsx(107,65): error TS7005: Variable 'changes' implicitly has an 'any[]' type.
src/components/Process/edit/index.tsx(142,36): error TS2345: Argument of type 'string | null' is not assignable to parameter of type 'string'.
  Type 'null' is not assignable to type 'string'.
src/components/product/edit/page.tsx(1155,9): error TS2532: Object is possibly 'undefined'.
src/components/product/edit/page.tsx(1247,9): error TS2532: Object is possibly 'undefined'.
src/components/product/edit/page.tsx(1263,9): error TS2532: Object is possibly 'undefined'.
src/components/product/printTableComponents.tsx(188,41): error TS7006: Parameter 'ss' implicitly has an 'any' type.
src/components/product/printTableComponents.tsx(188,45): error TS7006: Parameter 'ssi' implicitly has an 'any' type.
src/components/product/printTableComponents.tsx(192,58): error TS7006: Parameter 'pf' implicitly has an 'any' type.
src/components/product/printTableComponents.tsx(192,62): error TS7006: Parameter 'pfi' implicitly has an 'any' type.
src/components/product/printTableComponents.tsx(247,43): error TS7006: Parameter 'subStep' implicitly has an 'any' type.
src/components/product/printTableComponents.tsx(247,52): error TS7006: Parameter 'sSubIndex' implicitly has an 'any' type.
src/components/product/printTableComponents.tsx(252,22): error TS7006: Parameter 'printerField' implicitly has an 'any' type.
src/components/product/printTableComponents.tsx(252,36): error TS7006: Parameter 'pFieldIndex' implicitly has an 'any' type.
src/components/product/printTableComponents.tsx(317,20): error TS2345: Argument of type 'string | ArrayBuffer | null' is not assignable to parameter of type 'SetStateAction<null>'.
  Type 'string' is not assignable to type 'SetStateAction<null>'.
src/components/product/printTableComponents.tsx(325,5): error TS2322: Type 'string' is not assignable to type 'Accept'.
src/components/product/printTableComponents.tsx(329,34): error TS7006: Parameter 'e' implicitly has an 'any' type.
src/components/product/printTableComponents.tsx(334,39): error TS7006: Parameter 'croppedArea' implicitly has an 'any' type.
src/components/product/printTableComponents.tsx(334,52): error TS7006: Parameter 'croppedAreaPixels' implicitly has an 'any' type.
src/components/product/printTableComponents.tsx(349,38): error TS2339: Property 'width' does not exist on type 'never'.
src/components/product/printTableComponents.tsx(350,39): error TS2339: Property 'height' does not exist on type 'never'.
src/components/product/printTableComponents.tsx(352,5): error TS18047: 'ctx' is possibly 'null'.
src/components/product/printTableComponents.tsx(354,25): error TS2339: Property 'x' does not exist on type 'never'.
src/components/product/printTableComponents.tsx(355,25): error TS2339: Property 'y' does not exist on type 'never'.
src/components/product/printTableComponents.tsx(356,25): error TS2339: Property 'width' does not exist on type 'never'.
src/components/product/printTableComponents.tsx(357,25): error TS2339: Property 'height' does not exist on type 'never'.
src/components/product/printTableComponents.tsx(360,25): error TS2339: Property 'width' does not exist on type 'never'.
src/components/product/printTableComponents.tsx(361,25): error TS2339: Property 'height' does not exist on type 'never'.
src/components/product/printTableComponents.tsx(366,21): error TS2345: Argument of type 'string' is not assignable to parameter of type 'SetStateAction<null>'.
src/components/product/printTableComponents.tsx(400,43): error TS7006: Parameter 'subStep' implicitly has an 'any' type.
src/components/product/printTableComponents.tsx(400,52): error TS7006: Parameter 'sSubIndex' implicitly has an 'any' type.
src/components/product/printTableComponents.tsx(405,22): error TS7006: Parameter 'printerField' implicitly has an 'any' type.
src/components/product/printTableComponents.tsx(405,36): error TS7006: Parameter 'pFieldIndex' implicitly has an 'any' type.
src/components/product/printTableComponents.tsx(444,30): error TS7006: Parameter 'field' implicitly has an 'any' type.
src/components/product/printTableComponents.tsx(450,43): error TS7006: Parameter 'subStep' implicitly has an 'any' type.
src/components/product/printTableComponents.tsx(450,52): error TS7006: Parameter 'subIndex' implicitly has an 'any' type.
src/components/product/printTableComponents.tsx(455,22): error TS7006: Parameter 'printerField' implicitly has an 'any' type.
src/components/product/printTableComponents.tsx(455,36): error TS7006: Parameter 'pfIndex' implicitly has an 'any' type.
src/components/product/printTableComponents.tsx(481,29): error TS7006: Parameter 'e' implicitly has an 'any' type.
src/components/product/printTableComponents.tsx(485,18): error TS2345: Argument of type 'string' is not assignable to parameter of type 'SetStateAction<null>'.
src/components/product/printTableComponents.tsx(491,45): error TS7006: Parameter 'subStep' implicitly has an 'any' type.
src/components/product/printTableComponents.tsx(491,54): error TS7006: Parameter 'sSubIndex' implicitly has an 'any' type.
src/components/product/printTableComponents.tsx(496,24): error TS7006: Parameter 'printerField' implicitly has an 'any' type.
src/components/product/printTableComponents.tsx(496,38): error TS7006: Parameter 'pFieldIndex' implicitly has an 'any' type.
src/components/product/printTableComponents.tsx(531,30): error TS7006: Parameter 'SubfieldIndex' implicitly has an 'any' type.
src/components/product/printTableComponents.tsx(531,45): error TS7006: Parameter 'updates' implicitly has an 'any' type.
src/components/product/printTableComponents.tsx(537,43): error TS7006: Parameter 'subStep' implicitly has an 'any' type.
src/components/product/printTableComponents.tsx(537,52): error TS7006: Parameter 'sSubIndex' implicitly has an 'any' type.
src/components/product/printTableComponents.tsx(542,22): error TS7006: Parameter 'printerField' implicitly has an 'any' type.
src/components/product/printTableComponents.tsx(542,36): error TS7006: Parameter 'pFieldIndex' implicitly has an 'any' type.
src/components/product/printTableComponents.tsx(547,30): error TS7006: Parameter 'field' implicitly has an 'any' type.
src/components/product/printTableComponents.tsx(547,37): error TS7006: Parameter 'fIndex' implicitly has an 'any' type.
src/components/product/printTableComponents.tsx(574,43): error TS7006: Parameter 'subStep' implicitly has an 'any' type.
src/components/product/printTableComponents.tsx(574,52): error TS7006: Parameter 'sSubIndex' implicitly has an 'any' type.
src/components/product/printTableComponents.tsx(579,22): error TS7006: Parameter 'printerField' implicitly has an 'any' type.
src/components/product/printTableComponents.tsx(579,36): error TS7006: Parameter 'pFieldIndex' implicitly has an 'any' type.
src/components/product/printTableComponents.tsx(586,30): error TS7006: Parameter '_' implicitly has an 'any' type.
src/components/product/printTableComponents.tsx(586,33): error TS7006: Parameter 'fIndex' implicitly has an 'any' type.
src/components/product/printTableComponents.tsx(676,21): error TS7006: Parameter 'prev' implicitly has an 'any' type.
src/components/product/printTableComponents.tsx(690,29): error TS7006: Parameter 'value' implicitly has an 'any' type.
src/components/product/printTableComponents.tsx(724,43): error TS7006: Parameter 'subStep' implicitly has an 'any' type.
src/components/product/printTableComponents.tsx(724,52): error TS7006: Parameter 'sSubIndex' implicitly has an 'any' type.
src/components/product/printTableComponents.tsx(729,22): error TS7006: Parameter 'printerField' implicitly has an 'any' type.
src/components/product/printTableComponents.tsx(729,36): error TS7006: Parameter 'pFieldIndex' implicitly has an 'any' type.
src/components/product/printTableComponents.tsx(734,30): error TS7006: Parameter 'field' implicitly has an 'any' type.
src/components/product/printTableComponents.tsx(736,56): error TS7006: Parameter 'field' implicitly has an 'any' type.
src/components/product/printTableComponents.tsx(839,43): error TS7006: Parameter 'subStep' implicitly has an 'any' type.
src/components/product/printTableComponents.tsx(839,52): error TS7006: Parameter 'sSubIndex' implicitly has an 'any' type.
src/components/product/printTableComponents.tsx(844,22): error TS7006: Parameter 'printerField' implicitly has an 'any' type.
src/components/product/printTableComponents.tsx(844,36): error TS7006: Parameter 'pFieldIndex' implicitly has an 'any' type.
src/components/product/printTableComponents.tsx(849,30): error TS7006: Parameter 'field' implicitly has an 'any' type.
src/components/product/printTableComponents.tsx(849,37): error TS7006: Parameter 'fIndex' implicitly has an 'any' type.
src/components/product/printTableComponents.tsx(879,43): error TS7006: Parameter 'subStep' implicitly has an 'any' type.
src/components/product/printTableComponents.tsx(879,52): error TS7006: Parameter 'sSubIndex' implicitly has an 'any' type.
src/components/product/printTableComponents.tsx(884,22): error TS7006: Parameter 'printerField' implicitly has an 'any' type.
src/components/product/printTableComponents.tsx(884,36): error TS7006: Parameter 'pFieldIndex' implicitly has an 'any' type.
src/components/product/printTableComponents.tsx(1049,32): error TS7006: Parameter 'field' implicitly has an 'any' type.
src/components/product/printTableComponents.tsx(1049,39): error TS7006: Parameter 'i' implicitly has an 'any' type.
src/components/product/printTableComponents.tsx(1067,31): error TS7006: Parameter 'e' implicitly has an 'any' type.
src/components/product/printTableComponents.tsx(1427,40): error TS7006: Parameter 'subStep' implicitly has an 'any' type.
src/components/product/printTableComponents.tsx(1427,49): error TS7006: Parameter 'sSubIndex' implicitly has an 'any' type.
src/components/product/printTableComponents.tsx(1433,50): error TS7006: Parameter 'printerField' implicitly has an 'any' type.
src/components/product/printTableComponents.tsx(1433,64): error TS7006: Parameter 'pFieldIndex' implicitly has an 'any' type.
src/components/product/printTableComponents.tsx(1476,40): error TS7006: Parameter 'subStep' implicitly has an 'any' type.
src/components/product/printTableComponents.tsx(1476,49): error TS7006: Parameter 'sSubIndex' implicitly has an 'any' type.
src/components/product/printTableComponents.tsx(1482,50): error TS7006: Parameter 'printerField' implicitly has an 'any' type.
src/components/product/printTableComponents.tsx(1482,64): error TS7006: Parameter 'pFieldIndex' implicitly has an 'any' type.
src/components/product/StageSimulator.tsx(758,72): error TS2363: The right-hand side of an arithmetic operation must be of type 'any', 'number', 'bigint' or an enum type.
src/components/product/StageSimulator.tsx(758,72): error TS2532: Object is possibly 'undefined'.
src/components/Sidebar/index.tsx(26,36): error TS2345: Argument of type 'string | null' is not assignable to parameter of type 'string'.
  Type 'null' is not assignable to type 'string'.
src/components/Sidebar/index.tsx(33,13): error TS7034: Variable 'menuItems' implicitly has type 'any[]' in some locations where its type cannot be determined.
src/components/Sidebar/index.tsx(34,21): error TS2345: Argument of type '(prevMenuGroups: { name: string; menuItems: never[]; }[]) => { menuItems: any[]; name: string; }[]' is not assignable to parameter of type 'SetStateAction<{ name: string; menuItems: never[]; }[]>'.
  Type '(prevMenuGroups: { name: string; menuItems: never[]; }[]) => { menuItems: any[]; name: string; }[]' is not assignable to type '(prevState: { name: string; menuItems: never[]; }[]) => { name: string; menuItems: never[]; }[]'.
    Type '{ menuItems: any[]; name: string; }[]' is not assignable to type '{ name: string; menuItems: never[]; }[]'.
      Type '{ menuItems: any[]; name: string; }' is not assignable to type '{ name: string; menuItems: never[]; }'.
        Types of property 'menuItems' are incompatible.
          Type 'any[]' is not assignable to type 'never[]'.
src/components/Sidebar/index.tsx(39,30): error TS7005: Variable 'menuItems' implicitly has an 'any[]' type.
src/components/Sidebar/index.tsx(110,55): error TS2339: Property 'label' does not exist on type 'never'.
src/components/Sidebar/SidebarItem.tsx(34,22): error TS7031: Binding element 'svgString' implicitly has an 'any' type.
